Filesystem volume name:   <none>
Last mounted on:          /
Filesystem UUID:          a492a0a1-4917-4414-b14e-b75d24406ab6
Filesystem magic number:  0xEF53
Filesystem revision #:    1 (dynamic)
Filesystem features:      has_journal ext_attr resize_inode dir_index filetype needs_recovery extent flex_bg sparse_super large_file huge_file uninit_bg dir_nlink extra_isize
Filesystem flags:         signed_directory_hash 
Default mount options:    user_xattr acl
Filesystem state:         clean
Errors behavior:          Continue
Filesystem OS type:       Linux
Inode count:              1048576
Block count:              4194048
Reserved block count:     209702
Free blocks:              812057
Free inodes:              321057
First block:              0
Block size:               4096
Fragment size:            4096
Reserved GDT blocks:      1023
Blocks per group:         32768
Fragments per group:      32768
Inodes per group:         8192
Inode blocks per group:   512
Flex block group size:    16
Filesystem created:       Sun Jul 16 09:23:06 2017
Last mount time:          Fri May 18 02:26:16 2018
Last write time:          Fri May 18 02:26:15 2018
Mount count:              28
Maximum mount count:      -1
Last checked:             Sun Jul 16 09:23:06 2017
Check interval:           0 (<none>)
Lifetime writes:          139 GB
Reserved blocks uid:      0 (user root)
Reserved blocks gid:      0 (group root)
First inode:              11
Inode size:	          256
Required extra isize:     28
Desired extra isize:      28
Journal inode:            8
First orphan inode:       531
Default directory hash:   half_md4
Directory Hash Seed:      e9c758a3-d646-4bff-b66d-e5ce96d6bc21
Journal backup:           inode blocks
Journal features:         journal_incompat_revoke
Journal size:             128M
Journal length:           32768
Journal sequence:         0x00044f96
Journal start:            19491


Group 0: (Blocks 0-32767) [ITABLE_ZEROED]
  Checksum 0xbe00, unused inodes 0
  Primary superblock at 0, Group descriptors at 1-1
  Reserved GDT blocks at 2-1024
  Block bitmap at 1025 (+1025), Inode bitmap at 1041 (+1041)
  Inode table at 1057-1568 (+1057)
  8169 free blocks, 6 free inodes, 729 directories
  Free blocks: 9452, 9831-9832, 9896, 10091, 12391, 14145, 14147, 14149, 14235-14335, 15088, 15090, 15093, 15096, 15845-15847, 15906, 15910-15911, 16780-20089, 20480-20782, 21327-21624, 26624-26921, 27894-31733
  Free inodes: 728, 3044, 4625, 4629, 6103, 6124
Group 1: (Blocks 32768-65535) [ITABLE_ZEROED]
  Checksum 0xb4ab, unused inodes 0
  Backup superblock at 32768, Group descriptors at 32769-32769
  Reserved GDT blocks at 32770-33792
  Block bitmap at 1026 (bg #0 + 1026), Inode bitmap at 1042 (bg #0 + 1042)
  Inode table at 1569-2080 (bg #0 + 1569)
  10313 free blocks, 0 free inodes, 1365 directories
  Free blocks: 33836-33837, 35319, 36398-36399, 37636-37639, 39154-39155, 40828-40831, 40910-40921, 42272-42274, 42276-42277, 42280-42282, 42284-42290, 42304-42305, 44431-44543, 44788-44793, 44936-44942, 45770-45772, 45824-46335, 46592-46593, 46595-46600, 46609-46610, 46613, 46615-46620, 46622, 46630, 46632-46654, 46658-46660, 46669-46676, 46848-47103, 47125-47134, 47833, 48099-48126, 48640-48895, 49067-49087, 50721-50732, 50944-51199, 51456-51711, 52224-52479, 52992-53247, 53504-53759, 53881-53951, 53984-53994, 53998-54001, 54003-54004, 54006, 54011-54293, 54437, 54439, 54462, 54467, 54469-55233, 55240-55313, 55398-55422, 55562-55597, 55610-55611, 55616-55631, 55713, 55719, 56120-56125, 56263-56280, 56430-56436, 56440-56449, 56605-56615, 56685-56740, 56744-56747, 56753-56755, 56781-56797, 56803, 56809-56813, 56821-56989, 56992-57007, 57012-57019, 57032-57043, 57047-57246, 57248-57268, 57315-57334, 57344-57359, 57465-57467, 57481-57483, 57494-57529, 57533, 57545, 57549-57551, 57560-57578, 57580-57714, 57720-57783, 57864-57898, 57903, 57924-57975, 58272-58284, 58296-58299, 58309-58325, 58336-58366, 58368-58380, 58388-58477, 58482-58559, 58564-58590, 58597-58627, 58634-58812, 58829-58831, 58834-58879, 58897-58899, 58901, 58998-59000, 59002, 59073-59075, 59077, 59083-59085, 59087, 59103-59104, 59106, 59125-59132, 59135, 59321-59323, 59326, 59384-59877, 59888-59901, 60155-60223, 60329, 60332-60339, 60349, 60352-60359, 60366-60713, 60728-60754, 60801-60824, 60828-60833, 60836-61370, 61376-61406, 61408-61427, 61431, 61440-61945, 61949-62059, 62073-62113, 62119-62176, 62189-62196, 62198-62240, 62242-62246, 62248-62316, 62326, 62328-62329, 62333, 62339-62348, 62351-62353, 62377, 62379-62381, 62391-62393, 62464-62752, 62754-63142, 63145-63244, 63246-63610, 63723-63773, 63802-63806, 63855-64208, 64216-64393, 64400-64684, 64750-64783, 64815-64823, 64849-64866, 64915-64919, 64928-65019, 65024-65050, 65096-65107, 65117-65119, 65132-65145, 65193-65224, 65248-65252, 65272-65357, 65375-65391, 65404-65410, 65412-65439, 65460-65476, 65478-65479, 65493-65506, 65524-65526, 65531-65535
  Free inodes: 
Group 2: (Blocks 65536-98303) [ITABLE_ZEROED]
  Checksum 0x442f, unused inodes 0
  Block bitmap at 1027 (bg #0 + 1027), Inode bitmap at 1043 (bg #0 + 1043)
  Inode table at 2081-2592 (bg #0 + 2081)
  15643 free blocks, 0 free inodes, 1645 directories
  Free blocks: 66799-66815, 66932-66943, 67024-67027, 67029-67031, 67047-67051, 67070, 67292-67327, 67449-67455, 67487, 67510-67517, 67519-67532, 67534-67535, 67537-67627, 67825-67839, 68117-68126, 68128-68137, 68143-68147, 68155-68159, 68166-68176, 68483-68543, 68601-68606, 68620-68659, 68674-68687, 68839-68861, 68864-68905, 69302-69303, 69472-69483, 69724-69730, 69736-69739, 69932-69943, 70039-70041, 70216-70230, 70232-70270, 70272-70301, 70304-70309, 70319-70397, 70400-70430, 70432-70448, 70450-70493, 70496-70504, 70625-70638, 70640-70903, 70905-71136, 71138-71192, 71215-71230, 71333-71335, 71337-71339, 71343, 71345-71403, 71415-71831, 71834-72547, 72549-73078, 73080-73206, 73208-73249, 73252-73289, 73416-73419, 73423-73473, 73476-73479, 73594-73876, 73878-73950, 73952-74401, 74403-74759, 74818-74836, 74838-74841, 74844-74847, 74986-74987, 74990-74992, 74994-74995, 74999-75066, 75068-75095, 75129, 75131-75549, 75700-75706, 75708-75711, 75728-75734, 75736-75846, 75848-75869, 76360-76818, 76935, 76940-76986, 77047-77230, 77391, 78865, 78872-78882, 78902-78904, 78906-78953, 79068-79203, 79209-79215, 79224-79231, 79243-79279, 79289-79295, 79316-79363, 79396-79424, 79426-79427, 79537-79807, 79872-80058, 80060-80200, 80202-80221, 80224, 80227-80234, 80279, 80318, 80320-80321, 80340, 80342-80343, 80345, 80348-80350, 80881-80895, 80911-80912, 80915, 80918-80920, 80924, 80926-80928, 80932-80935, 81007-81009, 81022-81791, 81856-81919, 83110, 83115-83124, 83130-83131, 83134, 83137-83156, 83158, 83162-83177, 83188-83189, 83270, 83274, 83276-83278, 83280-83282, 83297-83301, 83303, 83305-83361, 83364, 83370-83373, 83448, 83450, 83452-83454, 84023, 84026-84047, 84049-84051, 84059, 84061-84066, 84069-84071, 84081, 84083-84084, 84086, 84089-84091, 84160, 84162-84163, 84167-84169, 84173, 84175-84217, 84220, 84222-84240, 85504-85973, 85977-85979, 85981-86001, 86003-86004, 86008, 86012-86181, 86199-86201, 86203, 86240-86242, 86430-86432, 86443, 87040-87081, 87083-87454, 87470-87990, 87992, 88024, 88026-88072, 88075, 88078, 88082-88084, 88087, 88201-88202, 88204, 88212, 88813-88814, 88838-89087, 90112-90222, 90224, 90226-90429, 90433, 90444-90623, 91648-92047, 92056-92150, 92152-92166, 92168-92169, 92346-92355, 92841, 92844-93411, 93424-93659, 93664-93735, 93744-93823, 93890-94571, 94576-94691, 94704-94719, 95232-95345, 95360-95425, 95440-96129, 96140-96179, 96184-96279, 96286, 96288-96289, 96296-97241, 97248-97255, 97262-97345, 97352-97393, 97400-97427, 97432-97461, 97464-97489, 97496-97529, 97536-97553, 97560-97575, 97582-97611, 97616-98283, 98286-98303
  Free inodes: 
Group 3: (Blocks 98304-131071) [ITABLE_ZEROED]
  Checksum 0x854c, unused inodes 0
  Backup superblock at 98304, Group descriptors at 98305-98305
  Reserved GDT blocks at 98306-99328
  Block bitmap at 1028 (bg #0 + 1028), Inode bitmap at 1044 (bg #0 + 1044)
  Inode table at 2593-3104 (bg #0 + 2593)
  5672 free blocks, 0 free inodes, 858 directories
  Free blocks: 99332-99455, 99457-100030, 100034, 100139-100194, 100197-100199, 100201-100221, 100223-100225, 100227-100258, 100260-100351, 102964, 102966-102967, 102971, 102974-102976, 102988, 102990-102991, 102994, 102999-103001, 103004, 103006-103007, 103010, 103016-103018, 103024, 103026-103027, 103033, 103048-103051, 103196, 103198-103199, 103203, 103211-103213, 103239, 103241-103243, 103245-103247, 103286-103348, 103356, 103369, 103371-103373, 103375-103377, 103406, 103408-103410, 103412-103414, 103417-103418, 103420-103421, 103936-104332, 104334-104447, 106496-106934, 106938, 106942-107007, 110653-110655, 110756-111103, 111353, 111505, 111540-111549, 111615-111814, 111819-111838, 111878, 111884-111885, 111888, 111892-111895, 111898, 111901-111903, 111920, 111922-111924, 111927-111929, 111949, 111951-111952, 111956, 111962-111964, 112069, 112072, 112077-112265, 112268, 112288, 112290-112291, 112294, 112313-112315, 114176-114489, 114548-114687, 115712-115967, 115971-116223, 118272-118294, 118319, 118371-118375, 118412-118415, 118443-118447, 118467-118471, 118522-118527, 118646-118647, 118755-118759, 118804-118805, 118807-118808, 118813-118815, 118828-118830, 118837-118838, 118864-118909, 118911-118919, 118921-118989, 118992-119028, 119035-119065, 119080-119083, 119085-119129, 119132-119133, 119135, 119137-119138, 119142-119143, 119149, 119200-119201, 119206, 119211-119214, 119294, 119808-120301, 120309-120831, 122368-122409, 122411-122879
  Free inodes: 
Group 4: (Blocks 131072-163839) [ITABLE_ZEROED]
  Checksum 0xe345, unused inodes 0
  Block bitmap at 1029 (bg #0 + 1029), Inode bitmap at 1045 (bg #0 + 1045)
  Inode table at 3105-3616 (bg #0 + 3105)
  7116 free blocks, 0 free inodes, 1061 directories
  Free blocks: 134132-134911, 135003-135009, 135017, 135022-135023, 135025-135026, 135028, 135030, 135164-135316, 135347, 135352-135375, 135473-135487, 135499, 135508-135536, 135540-135591, 135596-135621, 136832-137779, 137783-138083, 138087-138219, 138223-138291, 138322, 138394, 138977-138989, 139072-139171, 139200-139246, 140288-140367, 140372-140799, 142336-142408, 142460, 142462-142464, 142467-142469, 142506, 142508-142510, 142512, 142518, 142520-142522, 142526, 142529, 142545, 142720, 142726, 142734-142735, 142738, 142742-142745, 142747-142762, 142764-142854, 142906, 142908-142909, 142911, 142913-142916, 142919-142924, 142931-143359, 144384-144422, 144425, 144429-144431, 144434, 144436-144877, 144879-144895, 145050, 145053-145054, 145057, 145073-145076, 145078, 145080-145081, 145083, 145086-145132, 145134-145135, 145137, 145148-145150, 145408-145749, 145757-146431, 146944-147405, 147407-147455, 149018-149163, 149247-149503, 160768-161172, 161334-161405, 161472-161481, 161516-161519, 161523, 161530-161531, 161536-161791
  Free inodes: 
Group 5: (Blocks 163840-196607) [ITABLE_ZEROED]
  Checksum 0xa3a2, unused inodes 0
  Backup superblock at 163840, Group descriptors at 163841-163841
  Reserved GDT blocks at 163842-164864
  Block bitmap at 1030 (bg #0 + 1030), Inode bitmap at 1046 (bg #0 + 1046)
  Inode table at 3617-4128 (bg #0 + 3617)
  7784 free blocks, 0 free inodes, 1176 directories
  Free blocks: 165111-165229, 165376-165626, 165882, 166059, 166062-166068, 166072-166700, 166703-167024, 167026-167029, 167034-167198, 167209-167357, 167365-167530, 167538-167540, 167542-167553, 167555-167557, 167559-167570, 167572-167573, 167576, 167581-167688, 167690-167692, 167694-167705, 167707-167709, 167711-167723, 167725-167727, 167729-167741, 167743-167745, 167747-167759, 167761-167920, 167923-167935, 169984-170376, 170378, 170380, 170382-170570, 170601-170741, 170748-170768, 170770-170908, 170911-171004, 171006-171358, 171361, 171364-171366, 171375, 171424-171435, 171438, 171440-171442, 171444-171446, 171459, 171461-171519, 171728, 171732-171734, 171736-171760, 171805-171838, 171840-171841, 171882, 171887, 171894-171896, 171901, 171903-172031, 173056-173405, 173407, 173410, 173499-173502, 180503, 180510-180511, 180514, 180518-180520, 180540-180650, 180652-180658, 180660-181040, 181042-181205, 181207-181230, 181235-181674, 181741, 181743-181744, 181746, 181749-181751, 181760-181966, 182037-182306, 182308-182314, 182316-183252, 185233, 185239-185241, 185243-185245, 185270, 185274, 185276-185277, 185281, 185288-185292, 185343-185440, 185444, 185451-185454, 186153, 186158-186159, 186169, 186180-186183, 186368-186404, 186410-186748, 186750-186879, 187392-187588, 188825-188889, 189782-189831, 190287-190392, 190444-190450
  Free inodes: 
Group 6: (Blocks 196608-229375) [ITABLE_ZEROED]
  Checksum 0xfb17, unused inodes 0
  Block bitmap at 1031 (bg #0 + 1031), Inode bitmap at 1047 (bg #0 + 1047)
  Inode table at 4129-4640 (bg #0 + 4129)
  6806 free blocks, 0 free inodes, 1596 directories
  Free blocks: 200691-200703, 201257-201279, 201433-201471, 201727, 202240-202495, 202544, 204288-204291, 204755-204767, 204789, 204795-204799, 209393-209407, 209920-210175, 210374-210392, 211296-211623, 211630-211681, 211760-211967, 212480-212656, 212926-212948, 213508-213548, 213568-213804, 214144-214770, 215496-215503, 215538-215551, 216048-216117, 216248-216683, 216722-216755, 216816-216831, 217211-217313, 217565-218048, 218393-218437, 219265-219295, 219768-219820, 220063-220072, 220283-220317, 220549-220586, 220617-220638, 220692-220702, 220736-220743, 220752-220851, 220928-220955, 220984-221009, 221024-221039, 221046-221055, 221092-221096, 221148-221151, 221854-221855, 222052-222081, 224213-224221, 224289-224441, 224448-224783, 224793-225279, 225497-225846, 225861-225872, 226393-226395, 226444-227628, 227656-227740, 229080-229287
  Free inodes: 
Group 7: (Blocks 229376-262143) [ITABLE_ZEROED]
  Checksum 0x17e3, unused inodes 0
  Backup superblock at 229376, Group descriptors at 229377-229377
  Reserved GDT blocks at 229378-230400
  Block bitmap at 1032 (bg #0 + 1032), Inode bitmap at 1048 (bg #0 + 1048)
  Inode table at 4641-5152 (bg #0 + 4641)
  10604 free blocks, 0 free inodes, 828 directories
  Free blocks: 231253-231595, 231919-231935, 232448-232772, 232776, 232791, 232794-233467, 234268, 234306, 234444-234474, 234476, 234496-235206, 235214-235518, 235520-235589, 235671-235775, 236222-236456, 237504-237692, 237694-238277, 238279-238573, 238575-238591, 238740, 238742-238751, 238758-239590, 240640-240883, 242647-242684, 242818-242872, 243106-243184, 243475-243691, 243707-243711, 250880-251070, 251124-251252, 251719-251745, 251852-251903, 252928-253075, 253263-253445, 253544-253558, 253566-253671, 253680-253846, 253952-254753, 254756-255886, 255890-255999, 256309-256397, 256448-256507, 256629-256649, 256671-256862, 256984-257160, 257213-257351, 257399-257493, 258189-258259, 258303-258425, 259278-259583, 260096-260538, 260551-260835, 261369-261465, 261803-261814, 262016-262025, 262032-262034, 262040-262066, 262070-262072, 262074-262075
  Free inodes: 
Group 8: (Blocks 262144-294911) [ITABLE_ZEROED]
  Checksum 0x139a, unused inodes 0
  Block bitmap at 1033 (bg #0 + 1033), Inode bitmap at 1049 (bg #0 + 1049)
  Inode table at 5153-5664 (bg #0 + 5153)
  6718 free blocks, 0 free inodes, 908 directories
  Free blocks: 264704-265444, 265748-266280, 266456-267151, 267551-267775, 269824-270246, 270311-270333, 270601-270826, 271407-271477, 271488-271857, 272017-272068, 272070-272164, 279220-279672, 280181-280193, 280259-280626, 281380-281642, 281664-281811, 282006-282197, 282560-282654, 282665-283036, 283266-283285, 284608-284728, 285382-285451, 285877-285887, 286713-286719, 292096-292639, 293276-293639, 293650-293667, 293672-293679, 293741-293743, 293874-293875, 294601-294606, 294624-294806, 294910-294911
  Free inodes: 
Group 9: (Blocks 294912-327679) [ITABLE_ZEROED]
  Checksum 0xe794, unused inodes 0
  Backup superblock at 294912, Group descriptors at 294913-294913
  Reserved GDT blocks at 294914-295936
  Block bitmap at 1034 (bg #0 + 1034), Inode bitmap at 1050 (bg #0 + 1050)
  Inode table at 5665-6176 (bg #0 + 5665)
  10484 free blocks, 32 free inodes, 1041 directories
  Free blocks: 297048-297055, 297195-297343, 297388-297391, 299116-299519, 300544-300782, 300784-301028, 301030-301055, 301568-301968, 302077-302079, 302930, 303070-303103, 305799-305801, 305803, 306053-306065, 306072, 306087, 306688-307191, 308736-309169, 309171-309702, 309704-309860, 309863, 309865-309995, 310000-310183, 310185-310271, 310784-311112, 313856-314363, 314368-314623, 314704-314749, 314752-314773, 314824-314949, 314952-315066, 315068-315391, 318435-318437, 318439, 318464-318852, 318854-318975, 319488-320511, 321024-321352, 321532-321534, 321536-321636, 321638-321640, 321652, 321654-322134, 322136-322548, 322550-322884, 322888-323188, 323190-323205, 323207-323286, 323288-323372, 323374-323583, 325632-325895, 325898, 325903-325919, 325948, 325950-326109, 326112, 326115-326117, 326129, 326131-326132, 326135, 326137-326175, 326181-326655, 327168-327496, 327676-327679
  Free inodes: 78148, 78150-78180
Group 10: (Blocks 327680-360447) [ITABLE_ZEROED]
  Checksum 0xf7ec, unused inodes 0
  Block bitmap at 1035 (bg #0 + 1035), Inode bitmap at 1051 (bg #0 + 1051)
  Inode table at 6177-6688 (bg #0 + 6177)
  10915 free blocks, 0 free inodes, 876 directories
  Free blocks: 328489-328824, 328826-329242, 329261-329273, 329334-329599, 329645-329685, 329713-329714, 329725-329727, 331262-331775, 332175-332179, 332276-332415, 332631-332695, 332862-332863, 332882-333178, 333307-333351, 333355, 333358-333360, 334336-334606, 334608-334773, 334776-335093, 335832-335838, 338944-339102, 339104-339447, 339449-339955, 340002-340971, 340976-341439, 341580-342812, 343490-343512, 343514-343519, 343548-343554, 343556-343557, 343662-343938, 343942-343943, 343968-343969, 344004-344018, 344020-344021, 344025, 344031, 344039-344063, 344148-344151, 344176-344185, 344191-344319, 344401, 344409-344575, 348408-348671, 348751, 350208-350640, 350716-351231, 353280-353668, 354303, 358400-360447
  Free inodes: 
Group 11: (Blocks 360448-393215) [ITABLE_ZEROED]
  Checksum 0x8f97, unused inodes 0
  Block bitmap at 1036 (bg #0 + 1036), Inode bitmap at 1052 (bg #0 + 1052)
  Inode table at 6689-7200 (bg #0 + 6689)
  22732 free blocks, 0 free inodes, 2157 directories
  Free blocks: 360448-363501, 363520-364137, 364160-364223, 364242-364255, 364262-364303, 364315-364319, 364344-364395, 364415, 364640-364735, 364776-364863, 364888-365021, 365055-365183, 365185-365282, 365304-365785, 365823-366335, 366352-366557, 368128-373247, 374272-374489, 375676-375807, 376832-377087, 377152-377159, 377189-377215, 377219-377631, 377664-377727, 377729-378363, 378365-378594, 378596-378625, 378627-379007, 379011-379263, 379400-379407, 379440-379967, 380032-380543, 380576, 380628-380927, 381200-381439, 381952-385023, 385536-385598, 385763-386047, 386497-386559, 387072-389119, 389491-389493, 389495, 390656-390729, 390815, 390909, 390937-390972, 391074-391106, 391108-391109, 391118-393215
  Free inodes: 
Group 12: (Blocks 393216-425983) [ITABLE_ZEROED]
  Checksum 0x15a6, unused inodes 0
  Block bitmap at 1037 (bg #0 + 1037), Inode bitmap at 1053 (bg #0 + 1053)
  Inode table at 7201-7712 (bg #0 + 7201)
  10384 free blocks, 0 free inodes, 815 directories
  Free blocks: 393464-393471, 393643-393644, 393975-393983, 394148-394156, 394488-394495, 394736-394751, 395747-395775, 396074, 396397-396415, 396472-396512, 396826-396841, 396994-397004, 397023, 397192-397225, 397349-397375, 397436, 397438-397439, 397622, 397624-397625, 397764-397766, 397856, 397889, 397908, 399344-400634, 400970-402943, 402984-402996, 403003, 403018, 405504-406281, 406519-406527, 411648-412503, 412656-412671, 412691, 412696-412714, 412780-413488, 413490-413493, 413559, 413568, 413580-413617, 413625-413640, 413678-413683, 413690-413691, 415947-415967, 415985-416255, 419263-419839, 420864-421247, 422180-422399, 422912-423030, 423048-423060, 423110-423390, 423392-423404, 423406-423555, 423562-423566, 423593-423595, 423606-423644, 423646-423648, 423656-423657, 423680-425983
  Free inodes: 
Group 13: (Blocks 425984-458751) [ITABLE_ZEROED]
  Checksum 0x7872, unused inodes 0
  Block bitmap at 1038 (bg #0 + 1038), Inode bitmap at 1054 (bg #0 + 1054)
  Inode table at 7713-8224 (bg #0 + 7713)
  1606 free blocks, 0 free inodes, 2159 directories
  Free blocks: 427008-427016, 427148-427151, 427168-427201, 427382-427391, 427398-427417, 427419-427421, 427438-427828, 427834-427841, 427952-427953, 427963-427968, 427970-427972, 427976-427979, 427983, 427992-427995, 428002, 428047-428131, 428136-428143, 428146-428211, 428216-428227, 428230-428543, 429807-429838, 430018-430079, 437292-437503, 437957-438271
  Free inodes: 
Group 14: (Blocks 458752-491519) [ITABLE_ZEROED]
  Checksum 0xaf67, unused inodes 0
  Block bitmap at 1039 (bg #0 + 1039), Inode bitmap at 1055 (bg #0 + 1055)
  Inode table at 8225-8736 (bg #0 + 8225)
  4644 free blocks, 675 free inodes, 2581 directories
  Free blocks: 459377-459391, 459474-459519, 460607-460799, 464878-464895, 475136-475263, 475291-475303, 475325-475519, 475965-477183, 483121-483327, 487702-487711, 487744-487935, 488211-488384, 488883-490061, 490465-491519
  Free inodes: 115948, 115950, 115952, 115954, 115956, 115958, 115960-116628
Group 15: (Blocks 491520-524287) [ITABLE_ZEROED]
  Checksum 0x9fe3, unused inodes 1544
  Block bitmap at 1040 (bg #0 + 1040), Inode bitmap at 1056 (bg #0 + 1056)
  Inode table at 8737-9248 (bg #0 + 8737)
  1864 free blocks, 2313 free inodes, 721 directories, 1544 unused inodes
  Free blocks: 495611-495615, 497151, 497284-497294, 499709-499711, 500361-501360, 501746-501759, 509531-509951, 512372-512383, 512509-512511, 514872-514879, 515481-515487, 516828-516831, 519803-519807, 520180-520191, 522134-522143, 522750-522751, 523235-523263, 523459-523775
  Free inodes: 128760-131072
Group 16: (Blocks 524288-557055) [ITABLE_ZEROED]
  Checksum 0x7deb, unused inodes 0
  Block bitmap at 524288 (+0), Inode bitmap at 524304 (+16)
  Inode table at 524320-524831 (+32)
  25 free blocks, 1 free inodes, 1117 directories
  Free blocks: 534307, 534329, 537861-537863, 539628-539631, 539636-539643, 544612-544615, 547740-547743
  Free inodes: 131159
Group 17: (Blocks 557056-589823) [ITABLE_ZEROED]
  Checksum 0xd154, unused inodes 0
  Block bitmap at 524289 (bg #16 + 1), Inode bitmap at 524305 (bg #16 + 17)
  Inode table at 524832-525343 (bg #16 + 544)
  922 free blocks, 0 free inodes, 986 directories
  Free blocks: 565996-566015, 569920-569983, 570176-570181, 570624-570879, 583040-583103, 583808-583935, 584704-584831, 585344-585471, 585600-585727
  Free inodes: 
Group 18: (Blocks 589824-622591) [ITABLE_ZEROED]
  Checksum 0xaa88, unused inodes 0
  Block bitmap at 524290 (bg #16 + 2), Inode bitmap at 524306 (bg #16 + 18)
  Inode table at 525344-525855 (bg #16 + 1056)
  1301 free blocks, 0 free inodes, 1432 directories
  Free blocks: 589824-589851, 589945-590002, 590016-590073, 590250-590328, 590384-590436, 591360-591381, 591390-591415, 591424-591470, 591500-591611, 591616-591733, 591744-591774, 591784-591868, 592687-592704, 592807-592895, 593812-593879, 594944-594958, 595318-595397, 597041-597067, 620048-620147, 620224-620410
  Free inodes: 
Group 19: (Blocks 622592-655359) [ITABLE_ZEROED]
  Checksum 0xe247, unused inodes 0
  Block bitmap at 524291 (bg #16 + 3), Inode bitmap at 524307 (bg #16 + 19)
  Inode table at 525856-526367 (bg #16 + 1568)
  1096 free blocks, 0 free inodes, 1374 directories
  Free blocks: 629553-629627, 629654-629757, 629760-629819, 629824-629854, 629883-629985, 630016-630053, 630066-630083, 630101-630143, 642626, 642630, 642641-642642, 642645, 642647, 642740, 642747, 642763, 642896, 642898, 642914, 642936, 642939, 642947-642948, 642951, 642954, 642974, 642978, 643070-643071, 645513, 646902-646903, 646920-646921, 647260, 647262-647263, 647322-647323, 647566-647568, 647571, 647636, 647677-647680, 648016, 648019-648021, 648042, 648050, 648059, 648061-648063, 648066, 648075, 648083-648085, 648222-648223, 648285-648287, 648541-648543, 648621-648623, 649358-649359, 649403-649404, 649873, 649878-649881, 649883-649886, 649891, 649893, 649895-649898, 649903-649904, 649908-649909, 649913, 649917-649918, 649920, 649922-649923, 649925, 649930-649931, 649941-649942, 649978-649981, 650311-650313, 650316-650317, 650371-650372, 650413-650416, 650455, 650479, 650502-650505, 650528-650529, 650561-650562, 650598, 650612-650614, 650731, 650736-650737, 650747-650748, 650767-650770, 650772-650773, 650807-650808, 650829-650831, 650853-650855, 650964, 651032, 651035, 651040-651042, 651053-651055, 651070-651071, 651088-651090, 651092-651093, 651106-651107, 651118-651119, 651161-651163, 651200-651202, 651249-651250, 651263-651264, 651267-651268, 651277-651278, 651297-651299, 651328-651330, 651396-651397, 651501-651503, 651508-651510, 651514-651515, 651543, 651548-651550, 651594-651595, 651604-651605, 651610-651611, 651626-651627, 651634-651635, 651638-651639, 651652-651653, 651658-651659, 651672-651675, 651688-651689, 651692-651693, 651958-651962, 652192-652196, 652209-652215, 652220-652223, 652352-652355, 652369-652370, 652373-652382, 652385-652386, 652414-652415, 652432-652433, 652659-652668, 652671, 652680-652682, 652685-652686, 652689-652694, 652721-652733, 652773-652775, 652784-652789, 652821-652822, 652824-652825, 652852-652858, 652879-652880, 653506-653511, 653520-653526, 653529-653542, 653567, 653573-653575, 653664-653670, 653759, 653898-653919, 654080-654084, 654184-654185, 654220-654224, 654304-654319, 654328-654331, 654334-654335, 654368-654374, 654377-654380, 654387-654391, 654432, 654518-654522, 654596-654599, 654608-654615, 654646-654654, 654720-654745, 654817-654821, 654866-654869, 654872-654875, 654990-654994, 654999, 655004-655021, 655027-655054, 655068-655072, 655124-655127, 655140-655144, 655174-655187, 655200-655229, 655285-655288, 655354-655359
  Free inodes: 
Group 20: (Blocks 655360-688127) [ITABLE_ZEROED]
  Checksum 0xa06b, unused inodes 0
  Block bitmap at 524292 (bg #16 + 4), Inode bitmap at 524308 (bg #16 + 20)
  Inode table at 526368-526879 (bg #16 + 2080)
  9953 free blocks, 1 free inodes, 1787 directories
  Free blocks: 655552-655554, 655841-655846, 656146-656151, 656381-656481, 656832, 656849, 656861, 657041, 657049, 657110, 657149-657150, 657165, 657173, 657935, 659437-659438, 659701, 659936, 660160, 660457, 660602, 661505, 661507, 661511, 661524, 661526, 661849, 661853, 661857, 661874, 661883-661884, 662363-662364, 662667, 662737, 662853-662854, 662927-662928, 663061, 663261-663262, 663287, 663458-663459, 663506-663507, 663632-663633, 663724-663725, 663819-663820, 664583-664584, 664587-664588, 664682-664683, 664686, 664843-664844, 664996-665061, 665135-665175, 665303-665345, 665419, 665427-665497, 665515-665587, 666112-666130, 666141-666142, 666144, 666147-666160, 666163, 666168, 666186-666187, 666189-666251, 666254-666255, 666263-666446, 666454-666455, 666458-666592, 666625, 666628, 666658-666660, 666667-666668, 666671, 666673, 666691, 666721, 666724, 666726-666728, 666734, 666871, 667231-667233, 667889, 667891-667892, 667928, 667930-667931, 668093, 668099, 668147, 668161-668162, 668164-668165, 668206, 669255-669256, 669269-669271, 669774, 670767-670768, 670770, 670901-670903, 670907, 670909-670910, 670912, 670915-670916, 670926-670927, 670951, 670953-670954, 670956, 670959-670961, 670985, 671333-671335, 671338, 671520-671522, 671524, 671590-671591, 671594, 671597-671599, 671607, 671893-671895, 671948-671949, 672422, 672424, 672449, 672484, 672497, 672511-672513, 672688-672689, 672936-672937, 673005-673006, 673013-673015, 673017-673018, 673020, 673187, 673357, 673359-673360, 673363, 673365, 673424, 673427, 673529, 673531-673533, 673535-673537, 673547, 673549-673551, 673553-673555, 674004-674005, 674008, 674027, 674036-674038, 674043, 674068, 674092, 674107, 674109-674110, 674113, 674245, 674249-674251, 674261, 674274-674276, 674279, 674296, 674298-674299, 675196, 675337, 675345, 675347-675348, 675351, 675369, 675371-675372, 675375, 675377-675379, 675389, 675391, 675410, 675412-675414, 675428, 675430-675431, 675436, 675454-675455, 675475, 675490, 675492-675493, 675496, 675501, 675628-675630, 675720, 675722, 675724, 675728-675730, 675742, 675834-675835, 675877, 675881, 675933-675934, 675936-675938, 675941, 675943-675944, 675953, 675956, 675958-675960, 675977, 675979-675980, 675983, 675994, 676070, 676168-676169, 676172, 676176, 676178-676179, 676182, 676191, 676684-676685, 676705, 676707-676708, 676711, 676730, 676732-676733, 676752, 676754-676755, 676758, 676761-676763, 676783, 676785, 676788, 676806, 676812, 676831, 676833-676834, 676837, 676840-676842, 676862, 676864-676865, 676868, 676871-676873, 676892, 676894-676896, 676916, 676918-676919, 676922, 676925-676927, 676950, 676952-676953, 676956, 676959-676961, 676985, 676987-676988, 676991, 676994-676996, 677014, 677016-677017, 677020, 677024-677027, 677030, 677033-677035, 677057, 677059-677060, 677063, 677066-677068, 677083, 677085-677086, 677089, 677092-677095, 677098, 677103-677105, 677133, 677135-677136, 677139, 677145-677147, 677162, 677164-677165, 677168, 677184-677187, 677190, 677193-677195, 677218, 677220-677221, 677224, 677230-677232, 677247, 677249-677250, 677253, 677258-677260, 677275, 677277-677439, 677456-677457, 677459-677461, 677521, 677523, 677526-677528, 677554, 677557, 677560-677562, 677575, 677577-677578, 677583-677585, 677804, 677807-677809, 677811, 677824-677825, 677828, 677834-677836, 677838, 677840-677842, 677844-677846, 677879, 677881-677882, 677885, 677887-678255, 678264, 678296, 678298-678299, 678301-678304, 678308-678309, 678317-678318, 678393-678396, 678407-678408, 678415, 678417-678418, 678421, 678426-678429, 678514, 678518, 678521, 678535, 678537-678727, 678730, 678732-678734, 678754, 678757, 678765-678767, 678799, 678801, 678818-678820, 678822-678824, 678841, 678843-678845, 678862, 678864-678868, 678885, 678887-678889, 678891-678912, 678924-678927, 678929-678930, 678933, 678957, 678959-678960, 678963, 678971-678973, 678991, 678996-678998, 679015, 679017-679018, 679021, 679029-679031, 679035, 679037-679058, 679063-679423, 679936-679974, 679976-680544, 680546-680582, 680584-680585, 680588-680619, 680621-680632, 680635-680657, 680659-680660, 680662-680669, 680672-680676, 680678-680726, 680728-680757, 680768-680865, 680867-681148, 681150-681474, 681480, 681482-681484, 681486-681488, 681527, 681529-681531, 681533-681535, 681560, 681562-682024, 682026-682091, 682093-682094, 682097-682100, 682104-682143, 682146-682154, 682158-682169, 682171-682249, 682251-682294, 682345-682387, 682390-682423, 682426-682441, 682445-682611, 682613-682847, 682849-682905, 682907-682914, 682918-683404, 683406-683642, 683645-683665, 683667-683668, 683672-684116, 684118-684152, 684154-684639, 684643-684758, 684764-685102, 685105, 685108-685175, 685177-685178, 685180, 685182-685193, 685195-685196, 685198, 685207-685909, 685912-686082, 686084-686591, 687104-687520, 687522-687632, 687635-687647, 687650-687864, 687867, 687872-687875, 687881, 687883-688127
  Free inodes: 163860
Group 21: (Blocks 688128-720895) [ITABLE_ZEROED]
  Checksum 0xcade, unused inodes 0
  Block bitmap at 524293 (bg #16 + 5), Inode bitmap at 524309 (bg #16 + 21)
  Inode table at 526880-527391 (bg #16 + 2592)
  9980 free blocks, 0 free inodes, 974 directories
  Free blocks: 688481, 688880-688895, 688933-689019, 689151, 689382-689507, 689534-689535, 689606-689612, 690168-690211, 690281-690299, 690430-690491, 690684-690687, 691266-691327, 691418-691425, 691627, 691629-691711, 691714-691716, 691718-691730, 691732-691734, 691736-691747, 691749-691751, 691753-691756, 691758-691759, 691762, 691764-691776, 691778-691779, 691782, 691784-691789, 691791-691793, 691795-691798, 691800-691802, 691804-691810, 691812-692593, 692702-692735, 693248-693356, 693358-693759, 694784-695020, 695022-695062, 695064-695120, 695122-695126, 695128-695133, 695135, 695137-695295, 695426-695435, 695437-695807, 696320-696703, 696725-696831, 697344-697379, 697406, 697408-697409, 697412, 697416-697419, 697429, 697431-697855, 698369-698373, 698437-698441, 698444-698540, 698542-698788, 698790-698874, 698876-698879, 698881, 698886-698887, 698890, 698893, 698897-698898, 698901, 698915-698916, 698918-698919, 698922, 698925, 698932-698933, 698936, 698947, 699197-699199, 699201-699270, 699279-699281, 699283-699285, 699287, 699712, 699721-699729, 699731-699743, 699745, 699749-699750, 699753, 699794-699796, 699802-699805, 699812, 699814-699815, 699817, 699820, 699831-699832, 699834, 699837, 699892-699893, 699897, 699900, 699940-699941, 699943, 699987-699989, 699991, 700000-700002, 700241-700242, 700244, 700247, 700274, 700412-700413, 700415, 710206-710208, 710212-710221, 710223-710381, 710393-710394, 710396, 710398, 710453-710550, 710552-710565, 710587, 710589-710608, 710610, 710619, 710629, 710652-710655, 712704-712738, 712740-712742, 712747-712748, 712751-712752, 712754-712755, 712757, 712759-712780, 712783-713215, 713728-713759, 713761-713762, 713765, 713767-713840, 713842-713906, 713909-714111, 714121-714239, 714241, 714245-714310, 714317-714319, 714321, 714328-714330, 714332, 714338-714340, 714342, 714344-714346, 714348, 714357-714359, 714361, 714369-714371, 714373, 714383-714385, 714387, 714416-714418, 714420, 714427-714429, 714431, 714437-714439, 714441, 714454-714456, 714458, 714466-714468, 714470, 714478-714480, 714482-714483, 714491-714493, 714495, 714502-714503, 714509, 714511, 714522, 714524, 714531-714533, 714535, 714752-714789, 714791-714963, 714965-715263, 715627-715629, 715631, 715721-715723, 715725-715730, 715732-715733, 715740, 715755, 715776-715778, 715788-716210, 716239-716241, 716243, 716260-716262, 716264, 716267-716269, 716271, 716275-716277, 716279, 716284-716286, 716288, 716294-716296, 716298, 716312-716314, 716316, 716327-716329, 716331, 716339-716341, 716343, 716349-716351, 716353, 716360-716362, 716364, 716370-716372, 716374-716375, 716389-716391, 716399-716401, 716403, 716419-716421, 716424, 716572-716574, 716577, 716579, 716585-716587, 716589, 716591-716593, 716599-716601, 716603, 716615-716617, 716619, 716634-716636, 716642-716644, 716646, 716673-716675, 716677, 716683-716685, 716687, 716713-716715, 716722-716724, 716726, 716732-716734, 716736, 716748-716750, 716752, 716759-716761, 716763, 716772-716774, 716776-716778, 716780, 716786-716788, 716790, 716800-716907, 716910-716918, 716929-717439, 717441-717443, 717462, 717464-717466, 717470-717472, 717492-717824, 717826-717828, 717843, 717845-717846, 717849, 717851-717853, 717857, 717859-717860, 717863, 717865-717867, 717874, 717876-717877, 717880, 717882-717884, 717888, 717890-717892, 717894-717896, 717903, 717905-717906, 717909, 717911-717913, 717928, 717930-717931, 717934, 717937-717939, 717957, 717959-718012, 718848-718984, 718986, 718989, 718992, 718994-718997, 718999-719007, 719009-719042, 719044-719049, 719057-719223, 719230-719403, 719405-719433, 719435, 719438, 719440, 719442-719444, 719447-719947, 719949-719960, 719975-720443, 720445-720519, 720521-720895
  Free inodes: 
Group 22: (Blocks 720896-753663) [ITABLE_ZEROED]
  Checksum 0xea5c, unused inodes 0
  Block bitmap at 524294 (bg #16 + 6), Inode bitmap at 524310 (bg #16 + 22)
  Inode table at 527392-527903 (bg #16 + 3104)
  10276 free blocks, 0 free inodes, 2035 directories
  Free blocks: 724788-724789, 724796-724821, 724845-724853, 724941-724959, 724978-724991, 725358-725503, 725540-725598, 725622-725623, 725756-725925, 725927-726015, 727040-727295, 727388, 728129-728191, 728292-728487, 728561-728580, 728825-728835, 728878-728916, 729081-729087, 729090-729091, 729177-729178, 729180, 729185, 729325-729326, 729328, 729331, 729371-729372, 729374, 729377, 729422-729423, 729425, 729428, 729575-729576, 729578-729593, 729804-729808, 729895, 730107-730124, 730131-730158, 730412, 730595-730623, 730804-730822, 730839-730840, 730848, 731130-731135, 731674-731676, 731678, 732222-732226, 732229, 732232-732235, 732252, 732293-732407, 732410-732517, 732529, 732531-732628, 732630-732639, 732641, 732643, 732645, 732647-732725, 732727-733168, 733170-733183, 733696-734058, 734060-734062, 734073, 734208-734641, 734645, 734647, 737288, 737290-737291, 737294-737295, 737298-737299, 737301-737302, 737314-737315, 737318-737324, 737326, 737328-737330, 737332, 737334-737340, 737374-737499, 737507-737517, 737527-737564, 737567-737610, 737614-737626, 737655-737686, 737707-737712, 737714-737759, 737766-737768, 737782, 737784-737785, 737788, 737790-738287, 738289-738303, 738816-738832, 739831, 739840, 739847-739848, 739851, 739854-739856, 740016-740017, 740019-740021, 740033-740035, 740352-740384, 740390-740786, 740788, 740799-740800, 740811, 740813-740814, 740816, 740818, 740825-740827, 740829-740831, 740863, 740865-740866, 740952, 741022, 741024-741026, 741028-741030, 741040, 741042-741043, 741626-741654, 741657, 741888-741916, 741918, 741966-742151, 742154-742178, 742180, 742183-742184, 742211-742344, 742346-743071, 743077-743425, 743427, 743436, 743438-743465, 743468-743496, 743498-743502, 743505-743508, 743510-743545, 743547-743553, 743556-743600, 743602-743936, 743954-743955, 743957-744049, 744055-744069, 744073-744090, 744093-744101, 744107-744121, 744130-744485, 744487-744490, 744506-744997, 745002-745003, 745005-745213, 745241-745302, 745304-745366, 745369-745471, 745984, 745987-746039, 746041-746920, 747051-747379, 747510-747519, 748033-748034, 748037, 748042-748044, 748049, 748051-748107, 748109-748543, 748546, 748549-748550, 748555, 748581-748598, 748611-748616, 748624-748641, 748655-748673, 748680-748684, 748687-748695, 748697-748768, 748776-748780, 748786-749010, 749012-749014, 749030, 749032-749033, 749036, 749039-749042, 749049, 749051-749055, 749057, 749060-749062, 749078, 749080-749081, 749088, 749103, 749567, 751769-752127
  Free inodes: 
Group 23: (Blocks 753664-786431) [ITABLE_ZEROED]
  Checksum 0x8845, unused inodes 0
  Block bitmap at 524295 (bg #16 + 7), Inode bitmap at 524311 (bg #16 + 23)
  Inode table at 527904-528415 (bg #16 + 3616)
  4900 free blocks, 0 free inodes, 2625 directories
  Free blocks: 753910-754624, 754683-754687, 755200-755683, 756493-756526, 756650-756735, 757248-757453, 757504-757732, 757754-757759, 758272-758725, 759198-759199, 759232-759297, 759490-759652, 759789-760007, 760311-760323, 760829-760831, 761022-761313, 761816-761845, 762266-762271, 762390-762419, 762487-762535, 762565-762573, 762704-762719, 763363-763391, 763904-763953, 763971-763985, 764597-764599, 765300-765303, 765402-765409, 765686-765695, 765886-765946, 765970-765972, 765980, 766183, 766329-766332, 766352-766354, 766356-766359, 767295, 767348-767405, 769781-769791, 769824-770358, 770422-770559, 770792-770844, 771676-771679, 772556-772569, 773045-773375, 773485-773557, 773775-774143
  Free inodes: 
Group 24: (Blocks 786432-819199) [ITABLE_ZEROED]
  Checksum 0xe8f6, unused inodes 0
  Block bitmap at 524296 (bg #16 + 8), Inode bitmap at 524312 (bg #16 + 24)
  Inode table at 528416-528927 (bg #16 + 4128)
  3926 free blocks, 94 free inodes, 499 directories
  Free blocks: 786432-786503, 786579-786623, 786659-786687, 786807-786906, 787128-787135, 787161-787254, 787327-787447, 788086-788095, 788133-788223, 788674-788703, 788732-788833, 789295-789307, 789494-789503, 789631-789633, 789736-789741, 790367-790370, 790391-790399, 790624-790631, 791540-791551, 792329-792352, 792668-792671, 792704-792709, 792829-792831, 793057-793088, 793110-793151, 793311, 793473-793476, 793884-794311, 794600-794623, 803328-803677, 803831-803943, 804484-804543, 805703-805759, 805842-805887, 806912-807935, 813568-813823, 813857-813943, 813945-813948, 813969, 813972, 813974-813975, 813977, 813982, 813984-813985, 813988, 814000-814003, 814033, 814043-814044, 814048-814050, 814058-814075, 817873-818175, 818434-818687
  Free inodes: 198263, 198274, 198281-198284, 198287-198290, 198292-198293, 198295-198299, 198301-198302, 198309-198312, 198314-198315, 198318-198321, 198336, 198356, 198362-198364, 198366, 198369-198370, 198418, 198435, 198438, 198441-198442, 198450-198453, 198475, 198477-198481, 198484-198485, 198490, 198492-198494, 198496-198497, 198504-198507, 198509-198510, 198512, 198514-198515, 198521, 198523, 198528, 198530-198531, 198536, 198538-198539, 198544, 198546-198547, 198549-198550, 198554, 198556, 198560, 198563, 198565-198568, 198570-198571, 198573, 198646
Group 25: (Blocks 819200-851967) [ITABLE_ZEROED]
  Checksum 0x4783, unused inodes 0
  Backup superblock at 819200, Group descriptors at 819201-819201
  Reserved GDT blocks at 819202-820224
  Block bitmap at 524297 (bg #16 + 9), Inode bitmap at 524313 (bg #16 + 25)
  Inode table at 528928-529439 (bg #16 + 4640)
  2225 free blocks, 1 free inodes, 2318 directories
  Free blocks: 820225-820584, 820733-820899, 820989-821138, 821230-821247, 823296-823504, 823784-823807, 824320-824409, 824486-824491, 825031-825343, 825956-826111, 826178-826186, 835580-835583, 840358-840640, 840689-840703, 841216-841477, 841559-841599, 841694-841698, 848381-848383, 850944-851039, 851954-851967
  Free inodes: 205328
Group 26: (Blocks 851968-884735) [ITABLE_ZEROED]
  Checksum 0x9eda, unused inodes 0
  Block bitmap at 524298 (bg #16 + 10), Inode bitmap at 524314 (bg #16 + 26)
  Inode table at 529440-529951 (bg #16 + 5152)
  3074 free blocks, 7 free inodes, 1848 directories
  Free blocks: 853003-853005, 853024-853046, 853238-853247, 853427-853443, 853606-853638, 853756-853927, 856054-856063, 856499-856544, 856831, 857103-857112, 857131-857132, 857815-857858, 858065-858111, 858719-858723, 859891-859903, 860132-860153, 860240-860255, 861276-861279, 862682-862719, 863700-863743, 864247-864255, 866459-866815, 873836-874367, 874432-874495, 880233-880234, 880639, 882779-882781, 882783, 883030, 883032-883034, 883037, 883039-883040, 883047, 883062, 883200-884735
  Free inodes: 214658, 214675, 214680-214681, 214686-214687, 214692
Group 27: (Blocks 884736-917503) [ITABLE_ZEROED]
  Checksum 0x07c7, unused inodes 0
  Backup superblock at 884736, Group descriptors at 884737-884737
  Reserved GDT blocks at 884738-885760
  Block bitmap at 524299 (bg #16 + 11), Inode bitmap at 524315 (bg #16 + 27)
  Inode table at 529952-530463 (bg #16 + 5664)
  8120 free blocks, 26 free inodes, 2781 directories
  Free blocks: 885894-885939, 886782-886783, 886805-886815, 886834-886836, 898863-898974, 899191-899287, 899535-899583, 899810-899839, 900056-900071, 900093-900095, 900579-900607, 901406-901418, 901425, 901440, 902144-902307, 903076-903194, 903368, 903850-903866, 903893-903903, 904165-905152, 905184-909311, 915225-917503
  Free inodes: 221566-221590, 221592
Group 28: (Blocks 917504-950271) [ITABLE_ZEROED]
  Checksum 0xb91e, unused inodes 0
  Block bitmap at 524300 (bg #16 + 12), Inode bitmap at 524316 (bg #16 + 28)
  Inode table at 530464-530975 (bg #16 + 6176)
  12768 free blocks, 0 free inodes, 889 directories
  Free blocks: 917504-918943, 919007-919295, 919358-919366, 919527-921599, 922090-922401, 922564-922623, 923128-923130, 923132, 924858-925538, 927119-927121, 927741-927743, 929792-932257, 932347-932351, 932947-932959, 933056-933101, 933851-935935, 936448-936563, 936669-936670, 936946-936959, 937779-937800, 938963-939264, 939266-939268, 939270, 939287, 939289-939395, 944219-944377, 945197-946104, 948628-950271
  Free inodes: 
Group 29: (Blocks 950272-983039) [ITABLE_ZEROED]
  Checksum 0x4206, unused inodes 0
  Block bitmap at 524301 (bg #16 + 13), Inode bitmap at 524317 (bg #16 + 29)
  Inode table at 530976-531487 (bg #16 + 6688)
  5076 free blocks, 3 free inodes, 1795 directories
  Free blocks: 952348-952351, 952433-952447, 954100-954111, 957848-957855, 958456-958815, 959478-960502, 968058-968063, 968787-968799, 968893-968895, 970078-970079, 971351-971359, 972924-972927, 973299-973311, 974839-974847, 974905-974911, 975487, 976375-976383, 979464-983039
  Free inodes: 238517-238518, 238521
Group 30: (Blocks 983040-1015807) [ITABLE_ZEROED]
  Checksum 0xa252, unused inodes 2391
  Block bitmap at 524302 (bg #16 + 14), Inode bitmap at 524318 (bg #16 + 30)
  Inode table at 531488-531999 (bg #16 + 7200)
  6686 free blocks, 4522 free inodes, 1635 directories, 2391 unused inodes
  Free blocks: 983533-985690, 986597-986623, 986675-986687, 986710-986727, 986856-986879, 986959-987007, 988259-988287, 988337-988351, 988384-988415, 988510-990078, 990190-990207, 990863-990975, 995873-996349, 998209-998329, 1002074-1003519, 1013183-1013759
  Free inodes: 249391, 249417-249419, 249423-249426, 249432-249437, 249439, 249442-249445, 249448-249451, 249453-249457, 249459-253952
Group 31: (Blocks 1015808-1048575) [INODE_UNINIT, ITABLE_ZEROED]
  Checksum 0x09d4, unused inodes 8192
  Block bitmap at 524303 (bg #16 + 15), Inode bitmap at 524319 (bg #16 + 31)
  Inode table at 532000-532511 (bg #16 + 7712)
  5677 free blocks, 8192 free inodes, 0 directories, 8192 unused inodes
  Free blocks: 1016905-1016928, 1016949-1017066, 1017216-1017321, 1017754-1017830, 1017853-1017855, 1019839-1019852, 1019871-1021293, 1022173-1022185, 1022440-1022609, 1022640-1022649, 1024945-1025087, 1025452-1026875, 1031533-1032191, 1035677-1036608, 1037647-1037695, 1037824-1038335
  Free inodes: 253953-262144
Group 32: (Blocks 1048576-1081343) [ITABLE_ZEROED]
  Checksum 0x08a9, unused inodes 0
  Block bitmap at 1048576 (+0), Inode bitmap at 1048592 (+16)
  Inode table at 1048608-1049119 (+32)
  872 free blocks, 2 free inodes, 1753 directories
  Free blocks: 1067520-1068287, 1068952-1069055
  Free inodes: 268665, 268668
Group 33: (Blocks 1081344-1114111) [ITABLE_ZEROED]
  Checksum 0x5d6e, unused inodes 0
  Block bitmap at 1048577 (bg #32 + 1), Inode bitmap at 1048593 (bg #32 + 17)
  Inode table at 1049120-1049631 (bg #32 + 544)
  0 free blocks, 6 free inodes, 934 directories
  Free blocks: 
  Free inodes: 276443, 277782-277786
Group 34: (Blocks 1114112-1146879) [ITABLE_ZEROED]
  Checksum 0xf12c, unused inodes 0
  Block bitmap at 1048578 (bg #32 + 2), Inode bitmap at 1048594 (bg #32 + 18)
  Inode table at 1049632-1050143 (bg #32 + 1056)
  0 free blocks, 0 free inodes, 777 directories
  Free blocks: 
  Free inodes: 
Group 35: (Blocks 1146880-1179647) [ITABLE_ZEROED]
  Checksum 0x90c1, unused inodes 0
  Block bitmap at 1048579 (bg #32 + 3), Inode bitmap at 1048595 (bg #32 + 19)
  Inode table at 1050144-1050655 (bg #32 + 1568)
  6 free blocks, 1 free inodes, 1303 directories
  Free blocks: 1149334-1149339
  Free inodes: 286973
Group 36: (Blocks 1179648-1212415) [ITABLE_ZEROED]
  Checksum 0xac8c, unused inodes 0
  Block bitmap at 1048580 (bg #32 + 4), Inode bitmap at 1048596 (bg #32 + 20)
  Inode table at 1050656-1051167 (bg #32 + 2080)
  449 free blocks, 0 free inodes, 1089 directories
  Free blocks: 1179776-1179903, 1182546, 1182565, 1182593-1182655, 1202304-1202559
  Free inodes: 
Group 37: (Blocks 1212416-1245183) [ITABLE_ZEROED]
  Checksum 0x10e8, unused inodes 0
  Block bitmap at 1048581 (bg #32 + 5), Inode bitmap at 1048597 (bg #32 + 21)
  Inode table at 1051168-1051679 (bg #32 + 2592)
  9701 free blocks, 192 free inodes, 1468 directories
  Free blocks: 1212416-1212441, 1213606-1213608, 1214049-1214188, 1214959, 1216046, 1216064-1216077, 1226736-1226738, 1226741-1227007, 1227066-1227119, 1228800-1228820, 1228988-1229033, 1229037-1229128, 1229164-1229175, 1229451, 1229647, 1229662, 1230089-1230093, 1231129-1231134, 1231616-1231871, 1232157-1232158, 1232160-1232255, 1232377, 1232384-1232767, 1233408-1233663, 1234428, 1234432-1234703, 1234728, 1234731, 1234733-1235003, 1235006, 1235012-1235132, 1235148-1235163, 1235168-1235343, 1235351-1235360, 1235363-1235375, 1235378, 1235380-1235395, 1235398, 1235456-1235675, 1235678-1235887, 1235890, 1235892-1236051, 1236054, 1236056-1236091, 1236094, 1236096-1236463, 1236468-1236511, 1236514, 1236516-1236832, 1236840-1237273, 1237276-1237503, 1237506-1237543, 1237552-1237673, 1237676-1238254, 1238257-1238915, 1238920, 1238926-1238928, 1238978, 1239126-1239689, 1239691-1239915, 1239917-1239992, 1239995-1240007, 1240012-1240015, 1240017-1240285, 1240287-1240291, 1240293-1240658, 1240660-1240687, 1240689-1240730, 1240732-1240815, 1240817-1240994, 1240997, 1241001-1241006, 1241033, 1241056-1241057, 1241059-1241060, 1241062, 1241064-1241066, 1241072-1241073, 1241078, 1241088-1241312, 1241316-1241358, 1241360-1241473, 1241492-1242044, 1242049-1242052, 1242055-1242134, 1242136, 1242341, 1242344-1242345, 1242348, 1242360-1242361, 1242393-1242394, 1242400-1242401, 1242403-1242409, 1242483, 1242486-1242494, 1242496-1242498, 1242503, 1242505-1242507, 1242509-1242515, 1242518-1242665, 1242667-1243129, 1243131-1243211, 1245123-1245183
  Free inodes: 309429, 309432, 309517, 309550, 309554, 309566, 309568, 309571, 309574-309640, 309642, 309644, 309646, 309648, 309650, 309652, 309654, 309656, 309658, 309660, 309662, 309664, 309666, 309668, 309670, 309672, 309674, 309676, 309678, 309680, 309682, 309684, 309686, 309688, 309690, 309692, 309694, 309696, 309698, 309700, 309702, 309704, 309706, 309708, 309710, 309712, 309714, 309716, 309718, 309720, 309722, 309724, 309726, 309728, 309730, 309732, 309734, 309736, 309738, 309740, 309742, 309744, 309746, 309748, 309750, 309752, 309754, 309756, 309758, 309760, 309762, 309764, 309766, 309768, 309770, 309772, 309774, 309776, 309778, 309780, 309782, 309784, 309786, 309788, 309790, 309792, 309794, 309796, 309798, 309800, 309802, 309804, 309806, 309808, 309810, 309812, 309814, 309816, 309818, 309820, 309822, 309824, 309826, 309828, 309830, 309832, 309834, 309836, 309838, 309840, 309842, 309844, 309846, 309848, 309850, 309852, 309854, 309856, 309858, 309860, 309862, 309864, 309866, 309868, 309870, 309872, 309874
Group 38: (Blocks 1245184-1277951) [ITABLE_ZEROED]
  Checksum 0x6dbe, unused inodes 0
  Block bitmap at 1048582 (bg #32 + 6), Inode bitmap at 1048598 (bg #32 + 22)
  Inode table at 1051680-1052191 (bg #32 + 3104)
  3862 free blocks, 4 free inodes, 1583 directories
  Free blocks: 1245420-1245427, 1245814-1245815, 1245824-1245863, 1245952, 1245954-1245955, 1245958, 1245965-1245967, 1246129-1246142, 1247105-1247193, 1247230-1247276, 1247278-1247364, 1247367-1247377, 1247379-1247386, 1247388-1247394, 1247396-1247428, 1247435-1247512, 1247863-1247877, 1247879-1247898, 1247900-1247943, 1248067-1248122, 1249017, 1249020, 1249810-1249890, 1249900-1249985, 1250157-1250190, 1250790-1250815, 1252043-1252051, 1252964-1252968, 1253207-1253246, 1253254-1253325, 1253329-1253332, 1253801, 1253807-1253818, 1253888-1253891, 1254168-1254244, 1254495, 1254846-1254911, 1255618-1255659, 1255661-1255714, 1255719-1255720, 1255722, 1255725-1255726, 1255935, 1256448-1256539, 1256894, 1256898-1256905, 1256910-1256954, 1257491-1257521, 1257523-1257548, 1257550-1257552, 1257569-1257570, 1257811-1257901, 1257903-1257983, 1259456-1259488, 1259676-1259697, 1260754-1260767, 1260800-1260823, 1261542-1261567, 1261647-1261749, 1261832-1261850, 1263762-1263790, 1263795, 1263805-1263809, 1263821, 1263823, 1263825-1263827, 1263833-1263835, 1263926-1263928, 1263935, 1263950, 1263952-1263953, 1263957, 1263961-1263964, 1264020, 1264022-1264024, 1264028-1264031, 1264033-1264035, 1264061, 1264063-1264064, 1264067, 1264069-1264072, 1264081, 1264602-1264638, 1264640-1264666, 1265511-1265512, 1265515, 1265518, 1265537, 1265553-1265554, 1265556, 1265559, 1265561, 1265567-1265569, 1265571-1265572, 1265579-1265580, 1265582, 1265585, 1265598, 1266057-1266058, 1266193-1266240, 1266242-1266250, 1266531-1266631, 1266633-1266634, 1266637, 1267159-1267199, 1268828-1268873, 1268875-1268887, 1268889-1268890, 1268892-1268897, 1268899-1268901, 1268904-1268914, 1268916-1268917, 1268920, 1268923-1268930, 1268932-1268934, 1269444-1269521, 1269531-1269548, 1269551, 1269555-1269562, 1269564-1269586, 1269588, 1269591, 1269634-1269635, 1269638, 1269756-1269757, 1270051-1270086, 1270088, 1270091, 1270107-1270108, 1270112-1270113, 1270115, 1270118, 1270172-1270175, 1270177, 1270189, 1270864-1270883, 1270885, 1270988-1271031, 1271853-1271895, 1272373-1272443, 1272698-1272701, 1272953-1272962, 1273212-1273313, 1273564, 1273568-1273569, 1273571, 1273575, 1273644, 1273647, 1273669-1273670, 1273672, 1273675, 1273743-1273795, 1273958-1274053, 1274365-1274406, 1274412, 1274924-1274967, 1274969-1275040, 1275044-1275117, 1275119-1275154, 1275156-1275178, 1275412-1275422, 1275424-1275491, 1275495-1275515, 1275517-1275520, 1275638-1275731, 1275960-1276063, 1276216-1276281, 1276283-1276302, 1276352, 1276355-1276356, 1276358, 1276361, 1276389-1276390, 1276397-1276398, 1276400, 1276403, 1276412-1276413, 1276536, 1276539, 1276543-1276545, 1276549, 1276551, 1276553-1276554, 1276557, 1276561-1276563, 1276582, 1276584-1276585, 1276588, 1276595-1276598, 1276602, 1276604-1276609, 1276614, 1276626-1276636, 1276872, 1276896, 1277113-1277114, 1277147-1277154, 1277160, 1277740-1277822, 1277825-1277855, 1277857-1277951
  Free inodes: 317300, 317372, 317672, 317675
Group 39: (Blocks 1277952-1310719) [ITABLE_ZEROED]
  Checksum 0xeb91, unused inodes 0
  Block bitmap at 1048583 (bg #32 + 7), Inode bitmap at 1048599 (bg #32 + 23)
  Inode table at 1052192-1052703 (bg #32 + 3616)
  16319 free blocks, 0 free inodes, 1083 directories
  Free blocks: 1277952-1278207, 1278404-1278463, 1278562-1278658, 1278898-1278975, 1279035-1279050, 1281795-1281840, 1282075-1282089, 1282091-1282184, 1282186-1282246, 1282248-1282314, 1282316-1282414, 1282416-1282559, 1282922-1283035, 1283244-1283583, 1284096-1284519, 1285104-1285160, 1285162-1285166, 1285168-1286015, 1286061-1286079, 1286122-1286141, 1288798-1289212, 1289214-1289215, 1289426-1289719, 1290106-1290253, 1290255-1291089, 1291092-1291319, 1291323-1291618, 1291622-1291693, 1291695-1292223, 1292225-1292638, 1292640-1292736, 1292769-1293002, 1293004-1293021, 1293023-1293171, 1293312-1293540, 1293542-1293968, 1293970-1294335, 1296384-1296421, 1296442-1296447, 1296510-1296515, 1296517-1296624, 1296632-1296637, 1296639-1296843, 1296845-1296895, 1298432-1298499, 1298506, 1298521, 1298944-1298953, 1298955-1299455, 1300992-1301216, 1301221, 1301469-1301470, 1301473, 1301477-1301479, 1301503, 1302528-1302861, 1302863-1302899, 1302901-1303386, 1303388-1304040, 1304075-1304158, 1304160-1304965, 1304967-1305495, 1305497-1305790, 1305798-1306410, 1306417, 1306419-1306490, 1306492-1306553, 1306555-1306581, 1306583-1306615, 1306617-1306772, 1306775-1306943, 1306945-1307091, 1307093-1307398, 1307400-1307760, 1307762-1307835, 1307838-1307871, 1307873-1307907, 1307917, 1307919-1307921, 1307923-1307925, 1308159-1308166, 1308168-1308595, 1308597-1308789, 1308791-1309565, 1309567-1309792, 1309794, 1309796-1309798, 1309800-1309802, 1309978-1309981, 1310207-1310534, 1310536-1310540, 1310542-1310719
  Free inodes: 
Group 40: (Blocks 1310720-1343487) [ITABLE_ZEROED]
  Checksum 0xb9e1, unused inodes 0
  Block bitmap at 1048584 (bg #32 + 8), Inode bitmap at 1048600 (bg #32 + 24)
  Inode table at 1052704-1053215 (bg #32 + 4128)
  582 free blocks, 0 free inodes, 2047 directories
  Free blocks: 1342886-1343202, 1343204-1343207, 1343211-1343314, 1343318, 1343324, 1343331-1343402, 1343404-1343414, 1343416-1343487
  Free inodes: 
Group 41: (Blocks 1343488-1376255) [ITABLE_ZEROED]
  Checksum 0xc093, unused inodes 3707
  Block bitmap at 1048585 (bg #32 + 9), Inode bitmap at 1048601 (bg #32 + 25)
  Inode table at 1053216-1053727 (bg #32 + 4640)
  16508 free blocks, 4214 free inodes, 1274 directories, 3707 unused inodes
  Free blocks: 1346810-1346875, 1346942-1346943, 1346997, 1347066-1347071, 1347134-1347168, 1347193, 1347313-1347439, 1347482-1347508, 1347550-1347576, 1348090-1348351, 1348393-1348447, 1348479, 1349119, 1349715-1350259, 1351665-1351702, 1351704-1352167, 1352169-1352182, 1352185-1352229, 1352231-1352607, 1352610-1352680, 1352682, 1352684-1352687, 1352689-1352691, 1352693-1352695, 1353792-1353804, 1355770-1355775, 1356936-1357646, 1357648-1357906, 1357908-1359151, 1359153-1359304, 1359306-1359546, 1359549-1359817, 1359819-1359898, 1359900-1360035, 1360038-1360607, 1360609-1360922, 1360989, 1360991-1360992, 1361003, 1361019-1361022, 1361037-1361039, 1361041-1361043, 1361045-1361047, 1361050, 1361052-1361053, 1361057, 1361062-1361064, 1361094, 1361408-1361643, 1361650-1361686, 1361689, 1361699, 1361709-1361732, 1361734-1361788, 1361807-1361823, 1361851-1361852, 1361920-1363030, 1363032-1363037, 1363044-1363086, 1363088-1363094, 1363096-1363307, 1363309, 1363311-1363477, 1363479-1363569, 1363573-1363967, 1368064-1369470, 1369472-1369599, 1369601-1369602, 1369605-1369689, 1369692-1369695, 1369697-1369702, 1369707-1369710, 1369713-1369715, 1369717-1369727, 1369741-1369742, 1369744-1369745, 1369747, 1369753-1369872, 1369877-1369883, 1369911-1369916, 1369920-1369925, 1369937, 1369939-1371196, 1371198-1371224, 1371240-1371247, 1371253-1371256, 1371269-1371649, 1371651-1372156, 1372158-1372226, 1372228-1372714, 1372717-1372830, 1372833-1372868, 1372870-1373014, 1373016-1373102, 1373104-1373596, 1373598-1373965, 1373968-1373993, 1373995-1374015, 1374019, 1374021-1374032, 1374046-1374378, 1374380-1374706, 1374708-1374710, 1374715, 1374717-1374718, 1374720-1374868, 1374870-1374894, 1374896-1375205, 1375207-1375584, 1375587, 1375590-1375592, 1375598, 1375600-1375602, 1375604-1375606, 1375653, 1375655-1375656, 1375659, 1375663-1375665, 1375684, 1375686-1375687, 1375690, 1375693-1375695, 1375705, 1375707-1375709, 1375744-1376048, 1376050-1376255
  Free inodes: 339714, 339716, 339718, 339720, 339722, 339724, 339726, 339728, 339730, 339732, 339734, 339736, 339738, 339740, 339742, 339744, 339746, 339748, 339750, 339752, 339754, 339756, 339758, 339760, 339762, 339764, 339766, 339768, 339770, 339772, 339774, 339776, 339778, 339780, 339782, 339784, 339786, 339788, 339790, 339792, 339794, 339796, 339798, 339800, 339802, 339804, 339806, 339808, 339810, 339812, 339814, 339816, 339818, 339820, 339822, 339824, 339826, 339828, 339830, 339832, 339834, 339836, 339838, 339840, 339842, 339844, 339846, 339848, 339850, 339852, 339854, 339856, 339858, 339860, 339862, 339864, 339866, 339868, 339870, 339872, 339874, 339876, 339878, 339880, 339882, 339884, 339886, 339888, 339890, 339892, 339894, 339896, 339898, 339900, 339902, 339904, 339906, 339908, 339910, 339912, 339914, 339916, 339918, 339920, 339922, 339924, 339926, 339928, 339930, 339932, 339934, 339936, 339938, 339940, 339942, 339944, 339946, 339948-340333, 340353-340355, 340357-344064
Group 42: (Blocks 1376256-1409023) [INODE_UNINIT, ITABLE_ZEROED]
  Checksum 0xbcad, unused inodes 8192
  Block bitmap at 1048586 (bg #32 + 10), Inode bitmap at 1048602 (bg #32 + 26)
  Inode table at 1053728-1054239 (bg #32 + 5152)
  3408 free blocks, 8192 free inodes, 0 directories, 8192 unused inodes
  Free blocks: 1378139-1378143, 1378164-1378175, 1378407-1379025, 1379328-1379972, 1379977-1380069, 1380071-1380118, 1380120-1380372, 1384440-1384447, 1388190-1388203, 1399282-1399295, 1399559-1400799, 1403093-1403103, 1403185-1403199, 1405586-1405599, 1406201-1406207, 1407548-1407551, 1408619-1409023
  Free inodes: 344065-352256
Group 43: (Blocks 1409024-1441791) [INODE_UNINIT, ITABLE_ZEROED]
  Checksum 0xc520, unused inodes 8192
  Block bitmap at 1048587 (bg #32 + 11), Inode bitmap at 1048603 (bg #32 + 27)
  Inode table at 1054240-1054751 (bg #32 + 5664)
  9346 free blocks, 8192 free inodes, 0 directories, 8192 unused inodes
  Free blocks: 1409653-1409663, 1409918-1409919, 1409973-1409975, 1410041-1410047, 1410220-1410235, 1410455-1410459, 1413115-1413119, 1414398-1414399, 1414644-1414655, 1415167, 1416186-1416191, 1416699-1416703, 1417056-1417062, 1417725-1417727, 1418012-1418015, 1418080-1418091, 1418131-1418143, 1418166-1418181, 1418841-1418847, 1423107-1423532, 1423931-1424625, 1424627-1424703, 1424705-1424714, 1424717-1424783, 1424785-1424999, 1425001-1425407, 1425798-1425823, 1426432-1426909, 1426911-1426949, 1426951-1427055, 1427057-1427397, 1427418-1427457, 1427459-1428590, 1428592-1429993, 1429996, 1429998-1430001, 1430015-1430719, 1430725, 1430727-1430797, 1430799, 1430801-1430805, 1430815, 1430825, 1430827-1430828, 1430831, 1430836-1430838, 1430840-1430849, 1430866, 1430868-1430869, 1430872, 1430875-1430876, 1430880, 1430883-1430885, 1430909, 1430911-1430912, 1430914, 1430918-1430922, 1430970, 1430972-1430973, 1430976, 1430978-1430980, 1430983, 1430985-1430987, 1430990, 1430992-1430994, 1430996-1430999, 1431001-1431003, 1431005-1431007, 1431011, 1431013-1431014, 1431017, 1431030-1431032, 1431034, 1431036-1431551, 1433600-1434051, 1434053-1434623, 1435136-1435357, 1435413-1435711, 1435715-1435717, 1436160-1436213, 1436216, 1436225-1436249, 1436251-1436418, 1436422-1436641, 1436643-1436671, 1437184-1437439, 1437530-1437567, 1437659-1437695
  Free inodes: 352257-360448
Group 44: (Blocks 1441792-1474559) [INODE_UNINIT, ITABLE_ZEROED]
  Checksum 0x77e4, unused inodes 8192
  Block bitmap at 1048588 (bg #32 + 12), Inode bitmap at 1048604 (bg #32 + 28)
  Inode table at 1054752-1055263 (bg #32 + 6176)
  5020 free blocks, 8192 free inodes, 0 directories, 8192 unused inodes
  Free blocks: 1443328-1443749, 1443837-1443839, 1443895-1443903, 1443907-1443910, 1444088-1444195, 1444220-1444266, 1444286, 1444597-1444607, 1444714-1444775, 1446002-1446024, 1449514-1449517, 1451670-1451679, 1454007-1454079, 1456722-1456895, 1458016-1458175, 1459381-1459411, 1459832-1459835, 1461043-1462017, 1462019-1462298, 1462831-1464319, 1465644-1466367, 1474154-1474559
  Free inodes: 360449-368640
Group 45: (Blocks 1474560-1507327) [INODE_UNINIT, ITABLE_ZEROED]
  Checksum 0x5580, unused inodes 8192
  Block bitmap at 1048589 (bg #32 + 13), Inode bitmap at 1048605 (bg #32 + 29)
  Inode table at 1055264-1055775 (bg #32 + 6688)
  4865 free blocks, 8192 free inodes, 0 directories, 8192 unused inodes
  Free blocks: 1475433-1475439, 1475504-1475519, 1475537-1475551, 1475810-1476287, 1476370, 1477095-1477119, 1477377-1477526, 1478009-1478015, 1478110-1478111, 1478164-1478167, 1478293-1478303, 1478357-1478358, 1478494-1478495, 1478654-1478655, 1484800-1486732, 1487710-1487711, 1487804-1487818, 1488726-1488895, 1493958-1495039, 1495920-1496063, 1496243-1496255, 1496304-1497087
  Free inodes: 368641-376832
Group 46: (Blocks 1507328-1540095) [INODE_UNINIT, ITABLE_ZEROED]
  Checksum 0xf8fb, unused inodes 8192
  Block bitmap at 1048590 (bg #32 + 14), Inode bitmap at 1048606 (bg #32 + 30)
  Inode table at 1055776-1056287 (bg #32 + 7200)
  4419 free blocks, 8192 free inodes, 0 directories, 8192 unused inodes
  Free blocks: 1508345-1508351, 1508383-1508390, 1509883-1509887, 1510145-1510207, 1510262-1510271, 1510341-1510399, 1511094-1511167, 1511376-1511423, 1511584-1511679, 1511920-1511931, 1512310-1512511, 1513084-1513311, 1513341-1513471, 1522041-1522687, 1527737-1527807, 1528603-1529855, 1532583-1533951, 1539960-1540095
  Free inodes: 376833-385024
Group 47: (Blocks 1540096-1572863) [INODE_UNINIT, ITABLE_ZEROED]
  Checksum 0x8421, unused inodes 8192
  Block bitmap at 1048591 (bg #32 + 15), Inode bitmap at 1048607 (bg #32 + 31)
  Inode table at 1056288-1056799 (bg #32 + 7712)
  4374 free blocks, 8192 free inodes, 0 directories, 8192 unused inodes
  Free blocks: 1541720-1542143, 1547041-1547423, 1547511-1547519, 1547578-1547583, 1547603-1548255, 1555996-1555999, 1556176-1556191, 1556375-1556383, 1558118-1558527, 1560576-1562527, 1562547-1562596, 1564287, 1566135-1566143, 1567448-1567455, 1567707-1567711, 1568251-1568255, 1568338-1568767
  Free inodes: 385025-393216
Group 48: (Blocks 1572864-1605631) [ITABLE_ZEROED]
  Checksum 0x9687, unused inodes 0
  Block bitmap at 1572864 (+0), Inode bitmap at 1572880 (+16)
  Inode table at 1572896-1573407 (+32)
  9209 free blocks, 0 free inodes, 522 directories
  Free blocks: 1584792-1584795, 1584810-1584813, 1584816-1584817, 1584824-1584827, 1584832-1584833, 1584840-1584843, 1584846-1585040, 1589248-1589566, 1591424-1592319, 1592405-1592447, 1592480-1592484, 1592486, 1592496-1592507, 1593088-1595423, 1595520-1597439, 1599488-1600639, 1600896-1602111, 1602124-1602143, 1602192-1602550, 1602554-1602555, 1604803-1605014, 1605120-1605620
  Free inodes: 
Group 49: (Blocks 1605632-1638399) [ITABLE_ZEROED]
  Checksum 0xcccb, unused inodes 0
  Backup superblock at 1605632, Group descriptors at 1605633-1605633
  Reserved GDT blocks at 1605634-1606656
  Block bitmap at 1572865 (bg #48 + 1), Inode bitmap at 1572881 (bg #48 + 17)
  Inode table at 1573408-1573919 (bg #48 + 544)
  0 free blocks, 7 free inodes, 980 directories
  Free blocks: 
  Free inodes: 402056-402059, 402682, 402699, 402765
Group 50: (Blocks 1638400-1671167) [ITABLE_ZEROED]
  Checksum 0xc58f, unused inodes 0
  Block bitmap at 1572866 (bg #48 + 2), Inode bitmap at 1572882 (bg #48 + 18)
  Inode table at 1573920-1574431 (bg #48 + 1056)
  33 free blocks, 381 free inodes, 1487 directories
  Free blocks: 1662959, 1663633, 1663651-1663655, 1663752-1663775, 1664349, 1665050
  Free inodes: 411538-411624, 411627-411629, 411631-411632, 411634-411636, 411638-411640, 411642-411644, 411646, 411648-411673, 411675, 411677-411682, 411684-411685, 411687-411689, 411691-411694, 411696-411697, 411699-411705, 411707-411710, 411713-411714, 411716-411717, 411719-411722, 411724-411725, 411727-411732, 411734-411740, 411742-411744, 411746-411747, 411752, 411754-411757, 411782-411805, 411974, 412383-412406, 412409, 412528, 412530, 412583-412595, 412621-412657, 412904-412913, 412988-412991, 413224-413226, 413286-413288, 413470, 413483-413550
Group 51: (Blocks 1671168-1703935) [ITABLE_ZEROED]
  Checksum 0xef7c, unused inodes 0
  Block bitmap at 1572867 (bg #48 + 3), Inode bitmap at 1572883 (bg #48 + 19)
  Inode table at 1574432-1574943 (bg #48 + 1568)
  2037 free blocks, 0 free inodes, 1293 directories
  Free blocks: 1673174-1673191, 1683428-1683431, 1688911-1689087, 1692672-1692799, 1692821-1692823, 1692880-1692882, 1692928-1693055, 1693122, 1693184-1693439, 1693696-1693823, 1693885, 1693919, 1693948, 1693952-1694083, 1694087, 1694092-1694103, 1694105-1694107, 1694176-1694399, 1694436-1694745, 1694752-1695197, 1695199-1695231, 1695630-1695631, 1695639-1695640, 1695642, 1695644-1695647, 1695649-1695650, 1695653, 1695655-1695657, 1695664, 1695666-1695668, 1695674-1695676, 1696783, 1699762, 1703904-1703906
  Free inodes: 
Group 52: (Blocks 1703936-1736703) [ITABLE_ZEROED]
  Checksum 0xfad8, unused inodes 0
  Block bitmap at 1572868 (bg #48 + 4), Inode bitmap at 1572884 (bg #48 + 20)
  Inode table at 1574944-1575455 (bg #48 + 2080)
  4159 free blocks, 54 free inodes, 1948 directories
  Free blocks: 1703936-1703937, 1704032-1704037, 1705029, 1705284-1705324, 1706496-1706892, 1709056-1709372, 1709888-1710006, 1710008-1710017, 1710020-1710037, 1710039-1710368, 1710562-1710591, 1711104-1711569, 1711832-1712072, 1712962-1713341, 1713344-1713663, 1714176-1714619, 1714624-1714923, 1714928-1715267, 1715272-1715415, 1715424-1715671, 1728798, 1729049, 1729095-1729097
  Free inodes: 426140-426193
Group 53: (Blocks 1736704-1769471) [ITABLE_ZEROED]
  Checksum 0x288c, unused inodes 0
  Block bitmap at 1572869 (bg #48 + 5), Inode bitmap at 1572885 (bg #48 + 21)
  Inode table at 1575456-1575967 (bg #48 + 2592)
  819 free blocks, 0 free inodes, 1468 directories
  Free blocks: 1738720-1738746, 1740224-1740277, 1747108-1747109, 1747120-1747261, 1747272-1747288, 1747290, 1747294, 1747298-1747326, 1747328, 1757360-1757397, 1757443, 1757568-1757602, 1757606-1757671, 1759358-1759359, 1759775-1759785, 1759805, 1759808-1759876, 1759889-1759891, 1759896-1759897, 1759900-1759912, 1759914-1759915, 1759918-1759919, 1759921, 1760407, 1760435-1760439, 1760508-1760523, 1760576-1760703, 1760708-1760724, 1760736-1760767, 1761159, 1761164, 1761166-1761167, 1761184-1761279
  Free inodes: 
Group 54: (Blocks 1769472-1802239) [ITABLE_ZEROED]
  Checksum 0xf81b, unused inodes 0
  Block bitmap at 1572870 (bg #48 + 6), Inode bitmap at 1572886 (bg #48 + 22)
  Inode table at 1575968-1576479 (bg #48 + 3104)
  9745 free blocks, 0 free inodes, 1508 directories
  Free blocks: 1770651-1770673, 1771157-1771263, 1771315-1771372, 1771431-1771491, 1771515-1771519, 1772544-1773567, 1773827-1774045, 1774286-1774335, 1774530-1774540, 1775025-1775103, 1776799-1777648, 1783369-1783807, 1786880-1787359, 1787384-1787391, 1787402, 1787406-1787407, 1787410, 1787412-1787414, 1787418, 1787420-1787425, 1787430-1792974, 1793251-1794011, 1794037-1794047
  Free inodes: 
Group 55: (Blocks 1802240-1835007) [ITABLE_ZEROED]
  Checksum 0x3036, unused inodes 0
  Block bitmap at 1572871 (bg #48 + 7), Inode bitmap at 1572887 (bg #48 + 23)
  Inode table at 1576480-1576991 (bg #48 + 3616)
  2776 free blocks, 20 free inodes, 1579 directories
  Free blocks: 1802305-1802367, 1802429-1802464, 1802491-1802623, 1802680-1802690, 1802842-1802847, 1802866-1803007, 1803091-1803135, 1803182-1803202, 1803224-1803256, 1803697-1803714, 1803757-1803775, 1804288-1804671, 1804719-1804996, 1805039-1805183, 1805235-1805311, 1805922-1805931, 1806080-1806276, 1806294-1806303, 1806336-1806786, 1806846-1806847, 1811456-1811736, 1812433-1812479, 1816672-1816679, 1816766-1816767, 1817066-1817343, 1817524-1817538, 1817596-1817599, 1821329-1821349, 1825753-1825791
  Free inodes: 451691-451692, 457201-457203, 457205-457206, 457208, 457260-457269, 457278-457279
Group 56: (Blocks 1835008-1867775) [ITABLE_ZEROED]
  Checksum 0x602b, unused inodes 0
  Block bitmap at 1572872 (bg #48 + 8), Inode bitmap at 1572888 (bg #48 + 24)
  Inode table at 1576992-1577503 (bg #48 + 4128)
  4347 free blocks, 60 free inodes, 1576 directories
  Free blocks: 1848041-1848319, 1849344-1849966, 1849984-1850015, 1850837-1850929, 1851303-1851769, 1852807-1853142, 1853286-1853380, 1853424-1853887, 1853915-1854335, 1854408-1855377, 1861999-1862302, 1862393-1862655
  Free inodes: 460226-460227, 460229-460234, 460239-460244, 460306-460320, 466817, 466822-466828, 466891, 466906, 466909-466925, 466927, 466929-466930, 466936
Group 57: (Blocks 1867776-1900543) [ITABLE_ZEROED]
  Checksum 0x6388, unused inodes 5235
  Block bitmap at 1572873 (bg #48 + 9), Inode bitmap at 1572889 (bg #48 + 25)
  Inode table at 1577504-1578015 (bg #48 + 4640)
  1994 free blocks, 5235 free inodes, 511 directories, 5235 unused inodes
  Free blocks: 1867776-1868679, 1868702-1868703, 1869822-1869823, 1871345-1871359, 1871664-1871679, 1872860-1872863, 1873820-1873823, 1874046-1874047, 1874065-1874066, 1874802-1874815, 1876437-1876447, 1878716-1878719, 1880887-1880895, 1882613-1882623, 1884148-1884159, 1888536-1888543, 1888637-1888639, 1888790-1888799, 1890303, 1890608-1890623, 1890688-1890815, 1891355-1891583, 1891765-1892351
  Free inodes: 469902-475136
Group 58: (Blocks 1900544-1933311) [INODE_UNINIT, ITABLE_ZEROED]
  Checksum 0x0c4b, unused inodes 8192
  Block bitmap at 1572874 (bg #48 + 10), Inode bitmap at 1572890 (bg #48 + 26)
  Inode table at 1578016-1578527 (bg #48 + 5152)
  4989 free blocks, 8192 free inodes, 0 directories, 8192 unused inodes
  Free blocks: 1903087-1903103, 1903356-1903357, 1904583-1904604, 1905436-1905663, 1906008-1906065, 1906862-1906867, 1907269-1907437, 1907568-1907667, 1908205-1908223, 1908470-1908703, 1912999-1913189, 1913302-1913432, 1913460-1913569, 1913695-1913800, 1914086-1915743, 1920238-1921023, 1924096-1925119, 1932160-1932287
  Free inodes: 475137-483328
Group 59: (Blocks 1933312-1966079) [INODE_UNINIT, ITABLE_ZEROED]
  Checksum 0x63b8, unused inodes 8192
  Block bitmap at 1572875 (bg #48 + 11), Inode bitmap at 1572891 (bg #48 + 27)
  Inode table at 1578528-1579039 (bg #48 + 5664)
  8512 free blocks, 8192 free inodes, 0 directories, 8192 unused inodes
  Free blocks: 1934201-1934207, 1936444-1936447, 1936511, 1941490-1941503, 1943543-1943551, 1943929-1943935, 1943962-1943967, 1944055-1944063, 1944140-1948663, 1951069-1951071, 1951800-1951807, 1954586-1954591, 1956664-1956671, 1956990-1956991, 1957047-1960923, 1965201-1965215, 1965748-1965759
  Free inodes: 483329-491520
Group 60: (Blocks 1966080-1998847) [INODE_UNINIT, ITABLE_ZEROED]
  Checksum 0xc00f, unused inodes 8192
  Block bitmap at 1572876 (bg #48 + 12), Inode bitmap at 1572892 (bg #48 + 28)
  Inode table at 1579040-1579551 (bg #48 + 6176)
  2351 free blocks, 8192 free inodes, 0 directories, 8192 unused inodes
  Free blocks: 1966492-1966495, 1967089-1967103, 1967139-1967144, 1968571-1968575, 1971704-1971711, 1972991, 1973240-1973247, 1974077-1974079, 1974136-1974143, 1974176-1974187, 1974263-1974266, 1976918-1976927, 1977087, 1985330-1985535, 1988888-1989119, 1989210-1989247, 1989312-1989329, 1989491-1989503, 1989512-1989584, 1989947-1989951, 1989999-1990655, 1997824-1998847
  Free inodes: 491521-499712
Group 61: (Blocks 1998848-2031615) [INODE_UNINIT, ITABLE_ZEROED]
  Checksum 0xcbd6, unused inodes 8192
  Block bitmap at 1572877 (bg #48 + 13), Inode bitmap at 1572893 (bg #48 + 29)
  Inode table at 1579552-1580063 (bg #48 + 6688)
  4944 free blocks, 8192 free inodes, 0 directories, 8192 unused inodes
  Free blocks: 2000120-2000127, 2000308-2000383, 2001190-2001279, 2001380-2001407, 2001672-2002431, 2002486-2002537, 2003025-2003049, 2014310-2015231, 2017280-2019548, 2022207, 2023352-2023359, 2023647-2023679, 2023778-2023869, 2024054-2024132, 2024171-2024189, 2025333-2025343, 2025401-2025416, 2025650-2025663, 2025839-2025855, 2025913-2025924, 2025970-2025975, 2026022-2026047, 2026112-2026192, 2026913-2026973, 2027163-2027167, 2027287-2027519
  Free inodes: 499713-507904
Group 62: (Blocks 2031616-2064383) [INODE_UNINIT, ITABLE_ZEROED]
  Checksum 0xefca, unused inodes 8192
  Block bitmap at 1572878 (bg #48 + 14), Inode bitmap at 1572894 (bg #48 + 30)
  Inode table at 1580064-1580575 (bg #48 + 7200)
  3466 free blocks, 8192 free inodes, 0 directories, 8192 unused inodes
  Free blocks: 2031616-2033003, 2033159-2033165, 2033278-2033282, 2033302-2033311, 2039581-2039584, 2042270-2042271, 2042750-2042751, 2044594-2044607, 2047800-2047999, 2049119-2049122, 2050460-2050463, 2050496-2050500, 2050560-2050879, 2050912-2050935, 2051805-2052037, 2053889-2053919, 2054556-2055216, 2055291-2055295, 2055645-2056191
  Free inodes: 507905-516096
Group 63: (Blocks 2064384-2097151) [INODE_UNINIT, ITABLE_ZEROED]
  Checksum 0x6ad2, unused inodes 8192
  Block bitmap at 1572879 (bg #48 + 15), Inode bitmap at 1572895 (bg #48 + 31)
  Inode table at 1580576-1581087 (bg #48 + 7712)
  6683 free blocks, 8192 free inodes, 0 directories, 8192 unused inodes
  Free blocks: 2069886-2071551, 2072302-2072383, 2072437-2072442, 2076153-2076159, 2076666-2076671, 2079203-2079231, 2079597-2079643, 2084217-2084223, 2084840-2084863, 2086892-2086911, 2087489-2090796, 2091050-2091054, 2093200-2093247, 2093676-2095103
  Free inodes: 516097-524288
Group 64: (Blocks 2097152-2129919) [ITABLE_ZEROED]
  Checksum 0xa808, unused inodes 0
  Block bitmap at 2097152 (+0), Inode bitmap at 2097168 (+16)
  Inode table at 2097184-2097695 (+32)
  349 free blocks, 6 free inodes, 1714 directories
  Free blocks: 2120810-2121065, 2129827-2129919
  Free inodes: 531652-531653, 531943-531945, 532243
Group 65: (Blocks 2129920-2162687) [ITABLE_ZEROED]
  Checksum 0xc6f9, unused inodes 0
  Block bitmap at 2097153 (bg #64 + 1), Inode bitmap at 2097169 (bg #64 + 17)
  Inode table at 2097696-2098207 (bg #64 + 544)
  2627 free blocks, 0 free inodes, 775 directories
  Free blocks: 2142835, 2142838, 2143050-2143051, 2143060-2143061, 2143086-2143087, 2146861-2146863, 2150804-2150807, 2150894-2150895, 2152638-2152639, 2152916-2152919, 2153570-2153571, 2153756-2153759, 2153855, 2153990-2153991, 2154150-2154151, 2154252-2154255, 2154428-2154431, 2154488-2154491, 2155259, 2155318-2155319, 2155462-2155463, 2156505, 2156508-2156511, 2156532-2156535, 2157028-2157031, 2157196-2157199, 2157208, 2157406-2157407, 2157414-2157415, 2158629-2158631, 2158800-2158815, 2158832-2158838, 2158848-2159039, 2159066-2159071, 2159083-2159087, 2159094, 2159104-2159327, 2159352-2159358, 2159360-2159455, 2159488-2159615, 2160640-2160863, 2160880-2160893, 2160896-2161063, 2161072-2161269, 2161280-2161311, 2161334-2161395, 2161408-2161439, 2161466, 2161472-2161567, 2161600-2161663, 2161670-2161799, 2161808-2162079, 2162092-2162155, 2162160-2162398, 2162409-2162436, 2162440-2162451, 2162454, 2162456-2162687
  Free inodes: 
Group 66: (Blocks 2162688-2195455) [ITABLE_ZEROED]
  Checksum 0x54ab, unused inodes 0
  Block bitmap at 2097154 (bg #64 + 2), Inode bitmap at 2097170 (bg #64 + 18)
  Inode table at 2098208-2098719 (bg #64 + 1056)
  7226 free blocks, 0 free inodes, 1552 directories
  Free blocks: 2162688-2162689, 2162784-2162792, 2163162-2163163, 2163546-2163547, 2163560-2163563, 2163566, 2163568-2163574, 2163576-2163582, 2164736-2165014, 2165344-2165348, 2165368-2165372, 2165760-2166055, 2166272-2166699, 2166911, 2167098-2167099, 2167306-2167308, 2167327, 2167404-2167407, 2167454-2167455, 2167462-2167463, 2167615, 2167741-2167744, 2167750, 2167808, 2167812-2167815, 2167834, 2167836-2167839, 2167864, 2167868-2167871, 2167874, 2167876-2167879, 2167898, 2167907, 2167910, 2167981-2167983, 2167986, 2168120, 2168226-2168227, 2168230, 2168267-2168287, 2168314, 2168316-2168335, 2168340-2168371, 2168389, 2168392-2168408, 2168832-2168839, 2168842, 2168844-2168956, 2168960-2168980, 2168985, 2168988-2169039, 2169215-2169651, 2169704-2169747, 2169752-2169759, 2169792-2169855, 2170125, 2170128-2170236, 2170238-2170239, 2170252-2170271, 2170288-2170295, 2170385, 2170388-2170391, 2170496-2170499, 2170512-2170532, 2170538, 2170540-2170551, 2170610-2170615, 2170618, 2170620-2170678, 2170680-2170699, 2172930, 2172932-2173003, 2173006, 2173008-2173096, 2173098-2173118, 2173120-2173144, 2173146-2173150, 2173152-2173167, 2173169, 2173172-2173183, 2173304-2173313, 2173440-2173695, 2173760-2173763, 2173766-2173838, 2174464-2174719, 2174975, 2176122-2176123, 2176138-2176139, 2176144-2176145, 2176208-2176209, 2176226-2176227, 2176238-2176239, 2176264-2176265, 2176294-2176297, 2176338-2176339, 2176456-2176457, 2176466-2176467, 2176472-2176473, 2176484-2176485, 2176526-2176527, 2176568-2176569, 2176598-2176599, 2176728-2176729, 2176744-2176745, 2176752-2176753, 2176768-2176769, 2176778-2176779, 2176816-2176817, 2176848-2176849, 2176856-2176857, 2177002-2177007, 2177023, 2177044-2177045, 2177199, 2177219, 2177242-2177243, 2177268-2177271, 2177292-2177293, 2177360-2177361, 2177440-2177441, 2177480-2177481, 2177490-2177491, 2177506-2177509, 2177522-2177523, 2177528-2177529, 2177644-2177645, 2177712-2177713, 2177909-2177911, 2177920-2177970, 2177972-2177973, 2178016-2178030, 2178032-2178047, 2178298-2178299, 2178310-2178311, 2178392-2178393, 2178512-2178513, 2178636-2178637, 2178680-2178681, 2178708-2178709, 2178728-2178729, 2178816-2179071, 2179256-2179257, 2179500-2179501, 2179506-2179509, 2179512-2179513, 2179518-2179521, 2179544-2179545, 2179554-2179557, 2179562-2179563, 2179580-2179581, 2180422-2180431, 2180818-2180819, 2180854-2180855, 2180880-2180881, 2181216-2181227, 2181370-2181371, 2181400-2181401, 2181456-2181457, 2181474-2181475, 2181486-2181487, 2181632-2181655, 2181660-2181661, 2182011-2182031, 2182120-2182121, 2182190-2182191, 2182208-2182209, 2182224-2182257, 2182698-2182701, 2182732-2182733, 2182742-2182743, 2182988-2182989, 2183034-2183037, 2183182-2183183, 2183428-2183429, 2183552-2183679, 2184708-2184709, 2184820-2184821, 2184832-2184959, 2185064-2185065, 2185132-2185133, 2185170-2185171, 2186268-2186269, 2186368-2187007, 2187052-2187053, 2187070-2187074, 2187126-2187127, 2187136-2187263, 2187776-2187903, 2187926-2187928, 2187932-2187935, 2187937-2187999, 2188008-2188010, 2188016-2188287, 2188800-2188879, 2188884-2188886, 2188896-2189311, 2189836-2189837, 2189902-2189905, 2189913, 2189915-2189916, 2189918, 2189925-2189927, 2189937-2189939, 2190618-2190621, 2190627-2190629, 2190646-2190647, 2190808-2190816, 2190848-2190872, 2190874-2190875, 2190880-2190895, 2190900, 2190902-2191359, 2191872-2191983, 2191988-2191990, 2191992-2192031, 2192038, 2192040-2192143, 2192148, 2192152-2192383, 2193837, 2193849, 2193853, 2193861-2193862, 2193867, 2193882, 2193886, 2193893, 2193901, 2194432-2194727, 2194730, 2194748, 2194752-2194871, 2194880-2194919, 2194923, 2194960-2194983, 2194994, 2195024-2195031, 2195051, 2195085, 2195215, 2195237, 2195243, 2195249, 2195259, 2195279, 2195377, 2195382, 2195435
  Free inodes: 
Group 67: (Blocks 2195456-2228223) [ITABLE_ZEROED]
  Checksum 0x7bfd, unused inodes 0
  Block bitmap at 2097155 (bg #64 + 3), Inode bitmap at 2097171 (bg #64 + 19)
  Inode table at 2098720-2099231 (bg #64 + 1568)
  7229 free blocks, 0 free inodes, 1321 directories
  Free blocks: 2196480-2196671, 2196708-2196733, 2196992-2197055, 2197100-2197114, 2197116-2197503, 2199144-2199222, 2199243-2199551, 2199579-2199988, 2200055-2200095, 2200193-2200287, 2200316-2200628, 2200630, 2200632-2200634, 2200657, 2200661-2200663, 2200683, 2200768, 2200770-2200773, 2200776-2200778, 2200780-2200782, 2200786, 2200788-2200792, 2200796, 2200798-2200909, 2200913-2201001, 2201003-2201087, 2202111, 2202624-2203050, 2203095-2203107, 2203110-2203112, 2203115, 2203118-2203119, 2203126-2203127, 2203229-2203238, 2203240-2203241, 2203264-2203319, 2203608-2203615, 2203622-2203656, 2203666-2203669, 2203712-2203713, 2203729, 2203750-2203753, 2203758-2203762, 2203764-2203783, 2203806-2203809, 2203823-2203827, 2203842-2203843, 2203855-2203893, 2203900-2203907, 2203946-2203950, 2203997-2204006, 2204023-2204191, 2204210-2204211, 2204218-2204236, 2204238-2204239, 2204242-2204246, 2204248-2204249, 2204390-2204428, 2204500, 2204509-2204520, 2204523-2204535, 2204551-2204582, 2204595-2204716, 2204720-2204723, 2204784-2204797, 2204812-2204814, 2204816-2204819, 2204828-2204829, 2204867-2204871, 2204880-2204884, 2204913-2204914, 2204934-2204943, 2204949-2204961, 2204994-2205003, 2205018-2205019, 2205066-2205072, 2205076-2205077, 2205093-2205096, 2205098-2205099, 2205116-2205117, 2205122, 2205124-2205125, 2205143, 2205146-2205179, 2205184-2205187, 2205196-2205201, 2205207-2205211, 2205218-2205222, 2205229-2205233, 2205299-2205318, 2205326-2205331, 2205340-2205369, 2205398-2205695, 2206208-2206255, 2206269-2206272, 2206292-2206293, 2206340-2206345, 2206357, 2206360, 2206391-2206416, 2206424-2206430, 2206467-2206483, 2206489, 2206496-2206511, 2206516-2206520, 2206562-2206583, 2206630-2206670, 2206726-2206738, 2206797-2206804, 2206813, 2206816-2206834, 2206846-2206848, 2206852-2206869, 2206873, 2206875, 2206880, 2206896-2206925, 2206985, 2206990-2207009, 2207062, 2207065, 2207067, 2207447, 2207462, 2212864-2213116, 2213118-2213375, 2214912-2215058, 2215063-2215423, 2216447, 2217343-2217356, 2217358-2217368, 2217371-2217386, 2217388-2217396, 2217398-2217403, 2217405-2217406, 2217409-2217428, 2217430-2217432, 2217435-2217436, 2217438-2217470, 2217472-2217577, 2217581-2217597, 2217694-2217703, 2217714, 2217735, 2217740-2217754, 2217766-2217767, 2217792-2217803, 2217856-2217859, 2220329-2220335, 2220355-2220543, 2221568-2221838, 2221840-2222035, 2222041-2222079, 2223104-2223612, 2223614-2223620, 2223622-2223634, 2225358-2225370, 2225733, 2225752-2225758, 2225767-2225797, 2225799-2225829, 2226011-2226015, 2226058-2226063, 2226091-2226095, 2226251-2226687
  Free inodes: 
Group 68: (Blocks 2228224-2260991) [ITABLE_ZEROED]
  Checksum 0x9812, unused inodes 0
  Block bitmap at 2097156 (bg #64 + 4), Inode bitmap at 2097172 (bg #64 + 20)
  Inode table at 2099232-2099743 (bg #64 + 2080)
  7308 free blocks, 0 free inodes, 1712 directories
  Free blocks: 2229674-2229675, 2229684-2229697, 2229700, 2229702-2229703, 2229707, 2229712, 2229717, 2229725, 2229727-2229737, 2230085, 2230093, 2230102-2230103, 2230111, 2230167, 2230203, 2230231, 2230317-2230319, 2230449-2230783, 2231124-2231151, 2231153, 2231155-2231156, 2231158, 2231160-2231177, 2231179, 2231181-2231183, 2231185-2231186, 2231188, 2231190-2231220, 2231222-2231294, 2231808-2232227, 2232572-2232679, 2232958-2233230, 2233297-2233343, 2233841-2233855, 2234368-2234502, 2234688-2234879, 2235392-2235505, 2235716-2235718, 2235720, 2235726-2235754, 2235781-2235786, 2235788-2235805, 2236290-2236415, 2236428-2236430, 2236437-2236439, 2239939, 2239948, 2239955-2239963, 2243581-2243583, 2244607-2244766, 2244768-2244780, 2244795-2244856, 2244858-2244928, 2244930-2245021, 2245024-2245087, 2245106-2245107, 2245113-2245116, 2245403, 2245408-2246116, 2246584-2246591, 2246649-2246655, 2247168-2247503, 2247505-2247679, 2248192-2248519, 2248521-2248703, 2249215, 2250752-2250947, 2250964-2250965, 2250972, 2250987, 2251264-2251438, 2251449-2251775, 2252800-2253226, 2253228-2253311, 2255871, 2257923-2257929, 2257931, 2257985-2257987, 2257990, 2258201-2258203, 2258205, 2258260-2258262, 2258264, 2258276-2258278, 2258280, 2258292-2258294, 2258296, 2258309-2258311, 2258313, 2258326-2258328, 2258330, 2258338-2258340, 2258342, 2258349-2258351, 2258353, 2258357-2258359, 2258361, 2258379-2258381, 2258383, 2258393-2258395, 2258397, 2258411-2258413, 2258415, 2258428-2258430, 2258432-2258686, 2258691-2258943, 2258995, 2259000-2259004, 2259006-2259008, 2259010-2259012, 2259032, 2259034-2259035, 2259050, 2259052-2259053, 2259056, 2259058-2259060, 2259067, 2259069-2259070, 2259072, 2259074-2259076, 2259084, 2259086-2259087, 2259090, 2259093-2259095, 2259115, 2259117-2259122, 2259125, 2259131, 2259133-2259139, 2259142, 2259145-2259146, 2259149, 2259151-2259720, 2259722, 2259733-2259735, 2259737, 2259753-2259834, 2259837, 2259840, 2259860-2259861, 2259864, 2259877-2259879, 2259881, 2259889-2259891, 2259906-2259908, 2259932-2259959, 2259961, 2260481-2260483, 2260485-2260504, 2260508-2260517, 2260519-2260522, 2260524-2260537, 2260539-2260857, 2260860-2260991
  Free inodes: 
Group 69: (Blocks 2260992-2293759) [ITABLE_ZEROED]
  Checksum 0x2fbe, unused inodes 0
  Block bitmap at 2097157 (bg #64 + 5), Inode bitmap at 2097173 (bg #64 + 21)
  Inode table at 2099744-2100255 (bg #64 + 2592)
  2698 free blocks, 0 free inodes, 1995 directories
  Free blocks: 2261840-2261855, 2261873-2261887, 2262525-2262527, 2262740-2262741, 2263715-2263716, 2265086-2265087, 2266874-2266879, 2267052-2267064, 2268148-2268159, 2268413-2268415, 2269100-2269113, 2270207, 2271230-2271231, 2272216-2272223, 2272532-2272555, 2272585-2272592, 2272738-2272767, 2273789-2273791, 2274628-2274655, 2274902-2274911, 2275009-2275015, 2275814-2275839, 2276593-2276599, 2276614-2276615, 2276618, 2276620-2276622, 2276643-2276645, 2276647, 2276649-2276650, 2276653, 2276656-2276658, 2276662, 2276664-2276666, 2276668-2276671, 2276690, 2276692-2276863, 2276896-2276911, 2277414-2278084, 2278596-2278934, 2279014-2279106, 2279399-2279423, 2279936-2280143, 2280482-2280959, 2281775, 2286678-2286697, 2286699-2287103, 2291775-2291776, 2291779
  Free inodes: 
Group 70: (Blocks 2293760-2326527) [ITABLE_ZEROED]
  Checksum 0x9442, unused inodes 0
  Block bitmap at 2097158 (bg #64 + 6), Inode bitmap at 2097174 (bg #64 + 22)
  Inode table at 2100256-2100767 (bg #64 + 3104)
  717 free blocks, 0 free inodes, 631 directories
  Free blocks: 2295453-2295455, 2295921-2295935, 2295962-2295967, 2296131-2296132, 2296650-2296658, 2296847-2296851, 2297086-2297219, 2300153-2300159, 2300195-2300197, 2300340-2300351, 2300378-2300381, 2300999-2301001, 2301411-2301416, 2302322-2302335, 2303424-2303431, 2307085-2307087, 2309749-2309759, 2310590-2310591, 2312093-2312095, 2312769-2313215, 2313727, 2314546-2314553, 2314556, 2317823, 2318847, 2319359, 2319871, 2320383, 2320895, 2321407, 2322431, 2324991, 2326015
  Free inodes: 
Group 71: (Blocks 2326528-2359295) [ITABLE_ZEROED]
  Checksum 0x9d52, unused inodes 0
  Block bitmap at 2097159 (bg #64 + 7), Inode bitmap at 2097175 (bg #64 + 23)
  Inode table at 2100768-2101279 (bg #64 + 3616)
  2060 free blocks, 0 free inodes, 1784 directories
  Free blocks: 2329595-2329599, 2330704-2330719, 2332388-2332671, 2332843-2332927, 2333019-2333023, 2333121-2333134, 2333151-2333165, 2333599, 2333687-2333695, 2334462-2334463, 2335448-2335455, 2339248-2339327, 2339839, 2339866-2339871, 2339904-2340351, 2341887, 2348914-2348927, 2350075-2350079, 2350332-2350335, 2350357-2350559, 2351322-2351327, 2352981-2352991, 2354743-2354751, 2355148-2355199, 2357756-2358202, 2358781-2359071, 2359258-2359295
  Free inodes: 
Group 72: (Blocks 2359296-2392063) [ITABLE_ZEROED]
  Checksum 0x2292, unused inodes 0
  Block bitmap at 2097160 (bg #64 + 8), Inode bitmap at 2097176 (bg #64 + 24)
  Inode table at 2101280-2101791 (bg #64 + 4128)
  1451 free blocks, 0 free inodes, 994 directories
  Free blocks: 2360761-2360767, 2362282-2362303, 2362877-2362879, 2363260-2363391, 2363500-2363502, 2364398-2364447, 2364827-2364831, 2364856, 2364990-2365439, 2366080-2366463, 2368314-2368319, 2368510-2368511, 2368540-2368592, 2370938-2370943, 2373145-2373151, 2374359-2374367, 2377566-2377567, 2379758-2379775, 2380215-2380223, 2380272-2380287, 2380753-2380767, 2381247, 2383872-2384116, 2384123, 2384138, 2384720, 2385407, 2385691
  Free inodes: 
Group 73: (Blocks 2392064-2424831) [ITABLE_ZEROED]
  Checksum 0xeaa6, unused inodes 0
  Block bitmap at 2097161 (bg #64 + 9), Inode bitmap at 2097177 (bg #64 + 25)
  Inode table at 2101792-2102303 (bg #64 + 4640)
  2389 free blocks, 0 free inodes, 1684 directories
  Free blocks: 2392275-2392319, 2394173-2394175, 2394224-2394234, 2394587-2394605, 2395454-2395455, 2395695-2396826, 2396920-2397183, 2399595-2399614, 2400187-2400255, 2404577-2404649, 2404844-2404863, 2408099-2408110, 2408378-2408447, 2408715-2408744, 2411251-2411263, 2412221-2412223, 2412543, 2414591, 2416128-2416213, 2416491-2416581, 2418800-2419199, 2421240-2421241, 2422491-2422512
  Free inodes: 
Group 74: (Blocks 2424832-2457599) [ITABLE_ZEROED]
  Checksum 0x143a, unused inodes 0
  Block bitmap at 2097162 (bg #64 + 10), Inode bitmap at 2097178 (bg #64 + 26)
  Inode table at 2102304-2102815 (bg #64 + 5152)
  1588 free blocks, 0 free inodes, 1305 directories
  Free blocks: 2437117-2437119, 2437631, 2438018-2438019, 2438022, 2439286-2439679, 2440697-2440703, 2440810, 2446848-2447340, 2447358-2447978, 2448376-2448383, 2450962-2450975, 2451008-2451049, 2454527
  Free inodes: 
Group 75: (Blocks 2457600-2490367) [ITABLE_ZEROED]
  Checksum 0x2f94, unused inodes 234
  Block bitmap at 2097163 (bg #64 + 11), Inode bitmap at 2097179 (bg #64 + 27)
  Inode table at 2102816-2103327 (bg #64 + 5664)
  1260 free blocks, 234 free inodes, 1526 directories, 234 unused inodes
  Free blocks: 2459486-2459487, 2460815-2460831, 2461595-2461695, 2463728-2464085, 2464767, 2465280-2465469, 2465774-2465778, 2471582-2471583, 2471668-2471679, 2471825-2471839, 2472952-2472959, 2473969-2473983, 2475519, 2477055, 2477567, 2478080-2478437, 2478834-2478847, 2479047-2479065, 2479326-2479327, 2482803-2482815, 2484885-2484895, 2485817-2485823, 2486003-2486015, 2486260-2486271, 2489098-2489119, 2489184-2489215, 2489316-2489343
  Free inodes: 622359-622592
Group 76: (Blocks 2490368-2523135) [ITABLE_ZEROED]
  Checksum 0xbc25, unused inodes 7851
  Block bitmap at 2097164 (bg #64 + 12), Inode bitmap at 2097180 (bg #64 + 28)
  Inode table at 2103328-2103839 (bg #64 + 6176)
  1444 free blocks, 7851 free inodes, 341 directories, 7851 unused inodes
  Free blocks: 2490494-2490495, 2491126-2491135, 2493816-2493823, 2493948-2493951, 2495443-2495455, 2497016-2497023, 2497329-2497343, 2497532-2497535, 2498291-2498303, 2503154-2503167, 2503679, 2503959-2503967, 2506228-2506239, 2507897-2507903, 2511804-2511807, 2512383, 2514712-2514943, 2515455, 2515557-2515583, 2515666-2515733, 2515864-2515967, 2516274-2516479, 2516794-2516991, 2518320-2518527, 2521668-2521855, 2522025-2522111
  Free inodes: 622934-630784
Group 77: (Blocks 2523136-2555903) [INODE_UNINIT, ITABLE_ZEROED]
  Checksum 0x2504, unused inodes 8192
  Block bitmap at 2097165 (bg #64 + 13), Inode bitmap at 2097181 (bg #64 + 29)
  Inode table at 2103840-2104351 (bg #64 + 6688)
  665 free blocks, 8192 free inodes, 0 directories, 8192 unused inodes
  Free blocks: 2526720-2526839, 2528982-2528991, 2529012-2529023, 2529534-2529535, 2533727, 2535160-2535167, 2538109-2538111, 2538489-2538495, 2539518-2539519, 2542591-2542604, 2542743-2542752, 2547323-2547327, 2548604-2548607, 2549234-2549247, 2549528-2549567, 2549755-2549759, 2550426-2550431, 2550516-2550527, 2553519-2553855, 2554827-2554879
  Free inodes: 630785-638976
Group 78: (Blocks 2555904-2588671) [INODE_UNINIT, ITABLE_ZEROED]
  Checksum 0x16ba, unused inodes 8192
  Block bitmap at 2097166 (bg #64 + 14), Inode bitmap at 2097182 (bg #64 + 30)
  Inode table at 2104352-2104863 (bg #64 + 7200)
  1129 free blocks, 8192 free inodes, 0 directories, 8192 unused inodes
  Free blocks: 2557881-2557887, 2557947-2557951, 2558484-2558495, 2558576-2558591, 2559612-2559615, 2559667-2559710, 2559738-2559743, 2559859-2559935, 2560000-2560193, 2565555-2565567, 2565781-2565791, 2565974-2565983, 2567543-2567551, 2569086-2569087, 2569627-2569679, 2569985-2570081, 2570221-2570239, 2570889-2571007, 2571139-2571263, 2571267, 2571270-2571279, 2574974-2575103, 2575317-2575359, 2578094-2578133, 2580458-2580479, 2580983-2580991, 2581172-2581176, 2581458-2581503
  Free inodes: 638977-647168
Group 79: (Blocks 2588672-2621439) [INODE_UNINIT, ITABLE_ZEROED]
  Checksum 0x62ec, unused inodes 8192
  Block bitmap at 2097167 (bg #64 + 15), Inode bitmap at 2097183 (bg #64 + 31)
  Inode table at 2104864-2105375 (bg #64 + 7712)
  3100 free blocks, 8192 free inodes, 0 directories, 8192 unused inodes
  Free blocks: 2588791-2588799, 2588921-2588927, 2589567, 2590614-2590691, 2594815, 2596092-2596095, 2596123-2596863, 2600374-2600383, 2600436-2600447, 2600551-2600552, 2600702-2600704, 2600767, 2613161-2614911, 2617727, 2618974-2618975, 2619385-2619391, 2620927, 2620971-2621439
  Free inodes: 647169-655360
Group 80: (Blocks 2621440-2654207) [ITABLE_ZEROED]
  Checksum 0x0b2f, unused inodes 0
  Block bitmap at 2621440 (+0), Inode bitmap at 2621456 (+16)
  Inode table at 2621472-2621983 (+32)
  4212 free blocks, 8 free inodes, 1157 directories
  Free blocks: 2639864-2639871, 2640174-2640185, 2640381-2640383, 2644813-2644991, 2645232-2645247, 2645367-2645375, 2646522-2646527, 2646731-2646734, 2647026-2647039, 2647291-2647295, 2647364-2647374, 2650263-2654207
  Free inodes: 658919-658926
Group 81: (Blocks 2654208-2686975) [ITABLE_ZEROED]
  Checksum 0x5ab2, unused inodes 0
  Backup superblock at 2654208, Group descriptors at 2654209-2654209
  Reserved GDT blocks at 2654210-2655232
  Block bitmap at 2621441 (bg #80 + 1), Inode bitmap at 2621457 (bg #80 + 17)
  Inode table at 2621984-2622495 (bg #80 + 544)
  4281 free blocks, 0 free inodes, 101 directories
  Free blocks: 2656744-2656749, 2657670-2657672, 2666496-2666751, 2667264-2667519, 2669056-2669311, 2671104-2671359, 2672384-2672639, 2674688-2674943, 2676476-2676735, 2676830-2676831, 2676992-2677119, 2677197, 2677200-2677215, 2677240-2677263, 2677280, 2677285, 2677288, 2677295-2677296, 2677302, 2677305-2677306, 2677353, 2677358, 2677360-2677368, 2677396, 2677399-2677400, 2677560-2677567, 2677586, 2677984-2677991, 2678082, 2678088-2678129, 2678240, 2678440-2678442, 2678451-2678471, 2678484-2678495, 2678498, 2678500-2678511, 2678514, 2678520-2678547, 2678556-2678567, 2678570, 2678607-2678636, 2678640-2678651, 2678654, 2678780-2678807, 2678988-2679007, 2679040-2679679, 2679712-2679735, 2679835-2679839, 2679844, 2679892-2679907, 2679941, 2680055-2680060, 2680087-2680095, 2680124-2680135, 2680201, 2680208-2680475, 2680478, 2680603, 2680606, 2680662, 2680664-2680667, 2680808-2680812, 2680944-2680951, 2680954, 2680956-2680959, 2680977, 2680980-2680987, 2680990, 2680993, 2680996-2681000, 2681005, 2681052-2681056, 2681294-2681295, 2681320-2681365, 2681376-2681661, 2681671-2681679, 2681708, 2681900-2681906, 2681911-2681936, 2681960-2681963, 2681972-2682047, 2682126, 2682152, 2682156-2682159, 2682191, 2682194, 2682219, 2682222, 2682236-2682299, 2682409-2682503, 2682580-2682584, 2682632-2682635, 2682664-2682676, 2682715-2682716, 2682719-2682720, 2682771, 2682776-2682792, 2682808-2682815, 2682837, 2682840, 2682867-2682871, 2683008-2683043, 2683081-2683082, 2683097, 2683103, 2683108-2683127, 2683196-2683212, 2683229, 2683232-2683240, 2683260-2683275, 2683299-2683387, 2683392-2683400, 2683425-2683430, 2683442, 2683444-2683447, 2683472-2683583
  Free inodes: 
Group 82: (Blocks 2686976-2719743) [ITABLE_ZEROED]
  Checksum 0x5101, unused inodes 0
  Block bitmap at 2621442 (bg #80 + 2), Inode bitmap at 2621458 (bg #80 + 18)
  Inode table at 2622496-2623007 (bg #80 + 1056)
  5881 free blocks, 3 free inodes, 521 directories
